Archive member included to satisfy reference by file (symbol)

C:/ST/STM32CubeIDE_1.10.1/STM32CubeIDE/plugins/com.st.stm32cube.ide.mcu.externaltools.gnu-tools-for-stm32.11.3.rel1.win32_1.1.0.202305231506/tools/bin/../lib/gcc/arm-none-eabi/11.3.1/../../../../arm-none-eabi/lib/thumb/v7e-m+fp/hard\libc_nano.a(libc_a-exit.o)
                              C:/ST/STM32CubeIDE_1.10.1/STM32CubeIDE/plugins/com.st.stm32cube.ide.mcu.externaltools.gnu-tools-for-stm32.11.3.rel1.win32_1.1.0.202305231506/tools/bin/../lib/gcc/arm-none-eabi/11.3.1/../../../../arm-none-eabi/lib/thumb/v7e-m+fp/hard/crt0.o (exit)
C:/ST/STM32CubeIDE_1.10.1/STM32CubeIDE/plugins/com.st.stm32cube.ide.mcu.externaltools.gnu-tools-for-stm32.11.3.rel1.win32_1.1.0.202305231506/tools/bin/../lib/gcc/arm-none-eabi/11.3.1/../../../../arm-none-eabi/lib/thumb/v7e-m+fp/hard\libc_nano.a(libc_a-findfp.o)
                              C:/ST/STM32CubeIDE_1.10.1/STM32CubeIDE/plugins/com.st.stm32cube.ide.mcu.externaltools.gnu-tools-for-stm32.11.3.rel1.win32_1.1.0.202305231506/tools/bin/../lib/gcc/arm-none-eabi/11.3.1/../../../../arm-none-eabi/lib/thumb/v7e-m+fp/hard\libc_nano.a(libc_a-exit.o) (__stdio_exit_handler)
C:/ST/STM32CubeIDE_1.10.1/STM32CubeIDE/plugins/com.st.stm32cube.ide.mcu.externaltools.gnu-tools-for-stm32.11.3.rel1.win32_1.1.0.202305231506/tools/bin/../lib/gcc/arm-none-eabi/11.3.1/../../../../arm-none-eabi/lib/thumb/v7e-m+fp/hard\libc_nano.a(libc_a-fwalk.o)
                              C:/ST/STM32CubeIDE_1.10.1/STM32CubeIDE/plugins/com.st.stm32cube.ide.mcu.externaltools.gnu-tools-for-stm32.11.3.rel1.win32_1.1.0.202305231506/tools/bin/../lib/gcc/arm-none-eabi/11.3.1/../../../../arm-none-eabi/lib/thumb/v7e-m+fp/hard\libc_nano.a(libc_a-findfp.o) (_fwalk_sglue)
C:/ST/STM32CubeIDE_1.10.1/STM32CubeIDE/plugins/com.st.stm32cube.ide.mcu.externaltools.gnu-tools-for-stm32.11.3.rel1.win32_1.1.0.202305231506/tools/bin/../lib/gcc/arm-none-eabi/11.3.1/../../../../arm-none-eabi/lib/thumb/v7e-m+fp/hard\libc_nano.a(libc_a-sprintf.o)
                              ./Core/Src/main.o (sprintf)
C:/ST/STM32CubeIDE_1.10.1/STM32CubeIDE/plugins/com.st.stm32cube.ide.mcu.externaltools.gnu-tools-for-stm32.11.3.rel1.win32_1.1.0.202305231506/tools/bin/../lib/gcc/arm-none-eabi/11.3.1/../../../../arm-none-eabi/lib/thumb/v7e-m+fp/hard\libc_nano.a(libc_a-stdio.o)
                              C:/ST/STM32CubeIDE_1.10.1/STM32CubeIDE/plugins/com.st.stm32cube.ide.mcu.externaltools.gnu-tools-for-stm32.11.3.rel1.win32_1.1.0.202305231506/tools/bin/../lib/gcc/arm-none-eabi/11.3.1/../../../../arm-none-eabi/lib/thumb/v7e-m+fp/hard\libc_nano.a(libc_a-findfp.o) (__sread)
C:/ST/STM32CubeIDE_1.10.1/STM32CubeIDE/plugins/com.st.stm32cube.ide.mcu.externaltools.gnu-tools-for-stm32.11.3.rel1.win32_1.1.0.202305231506/tools/bin/../lib/gcc/arm-none-eabi/11.3.1/../../../../arm-none-eabi/lib/thumb/v7e-m+fp/hard\libc_nano.a(libc_a-memset.o)
                              C:/ST/STM32CubeIDE_1.10.1/STM32CubeIDE/plugins/com.st.stm32cube.ide.mcu.externaltools.gnu-tools-for-stm32.11.3.rel1.win32_1.1.0.202305231506/tools/bin/../lib/gcc/arm-none-eabi/11.3.1/../../../../arm-none-eabi/lib/thumb/v7e-m+fp/hard/crt0.o (memset)
C:/ST/STM32CubeIDE_1.10.1/STM32CubeIDE/plugins/com.st.stm32cube.ide.mcu.externaltools.gnu-tools-for-stm32.11.3.rel1.win32_1.1.0.202305231506/tools/bin/../lib/gcc/arm-none-eabi/11.3.1/../../../../arm-none-eabi/lib/thumb/v7e-m+fp/hard\libc_nano.a(libc_a-closer.o)
                              C:/ST/STM32CubeIDE_1.10.1/STM32CubeIDE/plugins/com.st.stm32cube.ide.mcu.externaltools.gnu-tools-for-stm32.11.3.rel1.win32_1.1.0.202305231506/tools/bin/../lib/gcc/arm-none-eabi/11.3.1/../../../../arm-none-eabi/lib/thumb/v7e-m+fp/hard\libc_nano.a(libc_a-stdio.o) (_close_r)
C:/ST/STM32CubeIDE_1.10.1/STM32CubeIDE/plugins/com.st.stm32cube.ide.mcu.externaltools.gnu-tools-for-stm32.11.3.rel1.win32_1.1.0.202305231506/tools/bin/../lib/gcc/arm-none-eabi/11.3.1/../../../../arm-none-eabi/lib/thumb/v7e-m+fp/hard\libc_nano.a(libc_a-reent.o)
                              C:/ST/STM32CubeIDE_1.10.1/STM32CubeIDE/plugins/com.st.stm32cube.ide.mcu.externaltools.gnu-tools-for-stm32.11.3.rel1.win32_1.1.0.202305231506/tools/bin/../lib/gcc/arm-none-eabi/11.3.1/../../../../arm-none-eabi/lib/thumb/v7e-m+fp/hard\libc_nano.a(libc_a-closer.o) (errno)
C:/ST/STM32CubeIDE_1.10.1/STM32CubeIDE/plugins/com.st.stm32cube.ide.mcu.externaltools.gnu-tools-for-stm32.11.3.rel1.win32_1.1.0.202305231506/tools/bin/../lib/gcc/arm-none-eabi/11.3.1/../../../../arm-none-eabi/lib/thumb/v7e-m+fp/hard\libc_nano.a(libc_a-impure.o)
                              C:/ST/STM32CubeIDE_1.10.1/STM32CubeIDE/plugins/com.st.stm32cube.ide.mcu.externaltools.gnu-tools-for-stm32.11.3.rel1.win32_1.1.0.202305231506/tools/bin/../lib/gcc/arm-none-eabi/11.3.1/../../../../arm-none-eabi/lib/thumb/v7e-m+fp/hard\libc_nano.a(libc_a-sprintf.o) (_impure_ptr)
[...]
Memory Configuration

Name             Origin             Length             Attributes
RAM              0x0000000020000000 0x0000000000020000 xrw
FLASH            0x0000000008000000 0x0000000000080000 xr
*default*        0x0000000000000000 0xffffffffffffffff

Linker script and memory map

LOAD C:/ST/STM32CubeIDE_1.10.1/STM32CubeIDE/plugins/com.st.stm32cube.ide.mcu.externaltools.gnu-tools-for-stm32.11.3.rel1.win32_1.1.0.202305231506/tools/bin/../lib/gcc/arm-none-eabi/11.3.1/thumb/v7e-m+fp/hard/crti.o
LOAD C:/ST/STM32CubeIDE_1.10.1/STM32CubeIDE/plugins/com.st.stm32cube.ide.mcu.externaltools.gnu-tools-for-stm32.11.3.rel1.win32_1.1.0.202305231506/tools/bin/../lib/gcc/arm-none-eabi/11.3.1/thumb/v7e-m+fp/hard/crtbegin.o
LOAD C:/ST/STM32CubeIDE_1.10.1/STM32CubeIDE/plugins/com.st.stm32cube.ide.mcu.externaltools.gnu-tools-for-stm32.11.3.rel1.win32_1.1.0.202305231506/tools/bin/../lib/gcc/arm-none-eabi/11.3.1/../../../../arm-none-eabi/lib/thumb/v7e-m+fp/hard/crt0.o
LOAD ./Core/Src/fatfs_sd.o
LOAD ./Core/Src/main.o
LOAD ./Core/Src/stm32f4xx_hal_msp.o
LOAD ./Core/Src/stm32f4xx_it.o
LOAD ./Core/Src/syscalls.o
LOAD ./Core/Src/sysmem.o
LOAD ./Core/Src/system_stm32f4xx.o
LOAD ./Core/Startup/startup_stm32f446retx.o
LOAD ./Drivers/STM32F4xx_HAL_Driver/Src/stm32f4xx_hal.o
LOAD ./Drivers/STM32F4xx_HAL_Driver/Src/stm32f4xx_hal_cortex.o
LOAD ./Drivers/STM32F4xx_HAL_Driver/Src/stm32f4xx_hal_dma.o
LOAD ./Drivers/STM32F4xx_HAL_Driver/Src/stm32f4xx_hal_dma_ex.o
LOAD ./Drivers/STM32F4xx_HAL_Driver/Src/stm32f4xx_hal_exti.o
LOAD ./Drivers/STM32F4xx_HAL_Driver/Src/stm32f4xx_hal_flash.o
LOAD ./Drivers/STM32F4xx_HAL_Driver/Src/stm32f4xx_hal_flash_ex.o
LOAD ./Drivers/STM32F4xx_HAL_Driver/Src/stm32f4xx_hal_flash_ramfunc.o
LOAD ./Drivers/STM32F4xx_HAL_Driver/Src/stm32f4xx_hal_gpio.o
LOAD ./Drivers/STM32F4xx_HAL_Driver/Src/stm32f4xx_hal_pwr.o
LOAD ./Drivers/STM32F4xx_HAL_Driver/Src/stm32f4xx_hal_pwr_ex.o
LOAD ./Drivers/STM32F4xx_HAL_Driver/Src/stm32f4xx_hal_rcc.o
LOAD ./Drivers/STM32F4xx_HAL_Driver/Src/stm32f4xx_hal_rcc_ex.o
LOAD ./Drivers/STM32F4xx_HAL_Driver/Src/stm32f4xx_hal_spi.o
LOAD ./Drivers/STM32F4xx_HAL_Driver/Src/stm32f4xx_hal_uart.o
LOAD ./FATFS/App/fatfs.o
LOAD ./FATFS/Target/user_diskio.o
LOAD ./Middlewares/Third_Party/FatFs/src/diskio.o
LOAD ./Middlewares/Third_Party/FatFs/src/ff.o
LOAD ./Middlewares/Third_Party/FatFs/src/ff_gen_drv.o
LOAD ./Middlewares/Third_Party/FatFs/src/option/ccsbcs.o
LOAD ./Middlewares/Third_Party/FatFs/src/option/syscall.o
START GROUP
LOAD C:/ST/STM32CubeIDE_1.10.1/STM32CubeIDE/plugins/com.st.stm32cube.ide.mcu.externaltools.gnu-tools-for-stm32.11.3.rel1.win32_1.1.0.202305231506/tools/bin/../lib/gcc/arm-none-eabi/11.3.1/../../../../arm-none-eabi/lib/thumb/v7e-m+fp/hard\libc_nano.a
LOAD C:/ST/STM32CubeIDE_1.10.1/STM32CubeIDE/plugins/com.st.stm32cube.ide.mcu.externaltools.gnu-tools-for-stm32.11.3.rel1.win32_1.1.0.202305231506/tools/bin/../lib/gcc/arm-none-eabi/11.3.1/../../../../arm-none-eabi/lib/thumb/v7e-m+fp/hard\libm.a
END GROUP
START GROUP
LOAD C:/ST/STM32CubeIDE_1.10.1/STM32CubeIDE/plugins/com.st.stm32cube.ide.mcu.externaltools.gnu-tools-for-stm32.11.3.rel1.win32_1.1.0.202305231506/tools/bin/../lib/gcc/arm-none-eabi/11.3.1/thumb/v7e-m+fp/hard\libgcc.a
LOAD C:/ST/STM32CubeIDE_1.10.1/STM32CubeIDE/plugins/com.st.stm32cube.ide.mcu.externaltools.gnu-tools-for-stm32.11.3.rel1.win32_1.1.0.202305231506/tools/bin/../lib/gcc/arm-none-eabi/11.3.1/../../../../arm-none-eabi/lib/thumb/v7e-m+fp/hard\libc_nano.a
END GROUP
START GROUP
LOAD C:/ST/STM32CubeIDE_1.10.1/STM32CubeIDE/plugins/com.st.stm32cube.ide.mcu.externaltools.gnu-tools-for-stm32.11.3.rel1.win32_1.1.0.202305231506/tools/bin/../lib/gcc/arm-none-eabi/11.3.1/thumb/v7e-m+fp/hard\libgcc.a
LOAD C:/ST/STM32CubeIDE_1.10.1/STM32CubeIDE/plugins/com.st.stm32cube.ide.mcu.externaltools.gnu-tools-for-stm32.11.3.rel1.win32_1.1.0.202305231506/tools/bin/../lib/gcc/arm-none-eabi/11.3.1/../../../../arm-none-eabi/lib/thumb/v7e-m+fp/hard\libc_nano.a
LOAD C:/ST/STM32CubeIDE_1.10.1/STM32CubeIDE/plugins/com.st.stm32cube.ide.mcu.externaltools.gnu-tools-for-stm32.11.3.rel1.win32_1.1.0.202305231506/tools/bin/../lib/gcc/arm-none-eabi/11.3.1/../../../../arm-none-eabi/lib/thumb/v7e-m+fp/hard\libnosys.a
END GROUP
START GROUP
LOAD C:/ST/STM32CubeIDE_1.10.1/STM32CubeIDE/plugins/com.st.stm32cube.ide.mcu.externaltools.gnu-tools-for-stm32.11.3.rel1.win32_1.1.0.202305231506/tools/bin/../lib/gcc/arm-none-eabi/11.3.1/thumb/v7e-m+fp/hard\libgcc.a
LOAD C:/ST/STM32CubeIDE_1.10.1/STM32CubeIDE/plugins/com.st.stm32cube.ide.mcu.externaltools.gnu-tools-for-stm32.11.3.rel1.win32_1.1.0.202305231506/tools/bin/../lib/gcc/arm-none-eabi/11.3.1/../../../../arm-none-eabi/lib/thumb/v7e-m+fp/hard\libc_nano.a
LOAD C:/ST/STM32CubeIDE_1.10.1/STM32CubeIDE/plugins/com.st.stm32cube.ide.mcu.externaltools.gnu-tools-for-stm32.11.3.rel1.win32_1.1.0.202305231506/tools/bin/../lib/gcc/arm-none-eabi/11.3.1/../../../../arm-none-eabi/lib/thumb/v7e-m+fp/hard\libnosys.a
END GROUP
LOAD C:/ST/STM32CubeIDE_1.10.1/STM32CubeIDE/plugins/com.st.stm32cube.ide.mcu.externaltools.gnu-tools-for-stm32.11.3.rel1.win32_1.1.0.202305231506/tools/bin/../lib/gcc/arm-none-eabi/11.3.1/thumb/v7e-m+fp/hard/crtend.o
LOAD C:/ST/STM32CubeIDE_1.10.1/STM32CubeIDE/plugins/com.st.stm32cube.ide.mcu.externaltools.gnu-tools-for-stm32.11.3.rel1.win32_1.1.0.202305231506/tools/bin/../lib/gcc/arm-none-eabi/11.3.1/thumb/v7e-m+fp/hard/crtn.o
                0x0000000020020000                _estack = (ORIGIN (RAM) + LENGTH (RAM))
                0x0000000000000200                _Min_Heap_Size = 0x200
                0x0000000000000400                _Min_Stack_Size = 0x400

.isr_vector     0x0000000008000000      0x1c4
                0x0000000008000000                . = ALIGN (0x4)
 *(.isr_vector)
 .isr_vector    0x0000000008000000      0x1c4 ./Core/Startup/startup_stm32f446retx.o
                0x0000000008000000                g_pfnVectors
                0x00000000080001c4                . = ALIGN (0x4)

.text           0x00000000080001d0     0x7b90
                0x00000000080001d0                . = ALIGN (0x4)
 *(.text)
 .text          0x00000000080001d0       0x40 C:/ST/STM32CubeIDE_1.10.1/STM32CubeIDE/plugins/com.st.stm32cube.ide.mcu.externaltools.gnu-tools-for-stm32.11.3.rel1.win32_1.1.0.202305231506/tools/bin/../lib/gcc/arm-none-eabi/11.3.1/thumb/v7e-m+fp/hard/crtbegin.o
 .text          0x0000000008000210       0x10 C:/ST/STM32CubeIDE_1.10.1/STM32CubeIDE/plugins/com.st.stm32cube.ide.mcu.externaltools.gnu-tools-for-stm32.11.3.rel1.win32_1.1.0.202305231506/tools/bin/../lib/gcc/arm-none-eabi/11.3.1/../../../../arm-none-eabi/lib/thumb/v7e-m+fp/hard\libc_nano.a(libc_a-strlen.o)
                0x0000000008000210                strlen
 .text          0x0000000008000220       0xa0 C:/ST/STM32CubeIDE_1.10.1/STM32CubeIDE/plugins/com.st.stm32cube.ide.mcu.externaltools.gnu-tools-for-stm32.11.3.rel1.win32_1.1.0.202305231506/tools/bin/../lib/gcc/arm-none-eabi/11.3.1/../../../../arm-none-eabi/lib/thumb/v7e-m+fp/hard\libc_nano.a(libc_a-memchr.o)
                0x0000000008000220                memchr
 .text          0x00000000080002c0      0x254 C:/ST/STM32CubeIDE_1.10.1/STM32CubeIDE/plugins/com.st.stm32cube.ide.mcu.externaltools.gnu-tools-for-stm32.11.3.rel1.win32_1.1.0.202305231506/tools/bin/../lib/gcc/arm-none-eabi/11.3.1/thumb/v7e-m+fp/hard\libgcc.a(_arm_muldf3.o)
                0x00000000080002c0                __muldf3
                0x00000000080002c0                __aeabi_dmul
 .text          0x0000000008000514      0x378 C:/ST/STM32CubeIDE_1.10.1/STM32CubeIDE/plugins/com.st.stm32cube.ide.mcu.externaltools.gnu-tools-for-stm32.11.3.rel1.win32_1.1.0.202305231506/tools/bin/../lib/gcc/arm-none-eabi/11.3.1/thumb/v7e-m+fp/hard\libgcc.a(_arm_addsubdf3.o)
                0x0000000008000514                __aeabi_drsub
                0x000000000800051c                __aeabi_dsub
                0x000000000800051c                __subdf3
                0x0000000008000520                __aeabi_dadd
                0x0000000008000520                __adddf3
                0x0000000008000798                __floatunsidf
                0x0000000008000798                __aeabi_ui2d
                0x00000000080007b8                __floatsidf
                0x00000000080007b8                __aeabi_i2d
                0x00000000080007dc                __aeabi_f2d
                0x00000000080007dc                __extendsfdf2
                0x0000000008000820                __floatundidf
                0x0000000008000820                __aeabi_ul2d
                0x0000000008000830                __floatdidf
                0x0000000008000830                __aeabi_l2d
 .text          0x000000000800088c       0x40 C:/ST/STM32CubeIDE_1.10.1/STM32CubeIDE/plugins/com.st.stm32cube.ide.mcu.externaltools.gnu-tools-for-stm32.11.3.rel1.win32_1.1.0.202305231506/tools/bin/../lib/gcc/arm-none-eabi/11.3.1/thumb/v7e-m+fp/hard\libgcc.a(_arm_fixunsdfsi.o)
                0x000000000800088c                __aeabi_d2uiz
                0x000000000800088c                __fixunsdfsi
 .text          0x00000000080008cc       0x30 C:/ST/STM32CubeIDE_1.10.1/STM32CubeIDE/plugins/com.st.stm32cube.ide.mcu.externaltools.gnu-tools-for-stm32.11.3.rel1.win32_1.1.0.202305231506/tools/bin/../lib/gcc/arm-none-eabi/11.3.1/thumb/v7e-m+fp/hard\libgcc.a(_aeabi_uldivmod.o)
                0x00000000080008cc                __aeabi_uldivmod
 .text          0x00000000080008fc      0x2c8 C:/ST/STM32CubeIDE_1.10.1/STM32CubeIDE/plugins/com.st.stm32cube.ide.mcu.externaltools.gnu-tools-for-stm32.11.3.rel1.win32_1.1.0.202305231506/tools/bin/../lib/gcc/arm-none-eabi/11.3.1/thumb/v7e-m+fp/hard\libgcc.a(_udivmoddi4.o)
                0x00000000080008fc                __udivmoddi4
 .text          0x0000000008000bc4        0x4 C:/ST/STM32CubeIDE_1.10.1/STM32CubeIDE/plugins/com.st.stm32cube.ide.mcu.externaltools.gnu-tools-for-stm32.11.3.rel1.win32_1.1.0.202305231506/tools/bin/../lib/gcc/arm-none-eabi/11.3.1/thumb/v7e-m+fp/hard\libgcc.a(_dvmd_tls.o)
                0x0000000008000bc4                __aeabi_idiv0
                0x0000000008000bc4                __aeabi_ldiv0
 *(.text*)
 .text.SELECT   0x0000000008000bc8       0x1c ./Core/Src/fatfs_sd.o
 .text.DESELECT
                0x0000000008000be4       0x1c ./Core/Src/fatfs_sd.o
 .text.SPI_TxByte
                0x0000000008000c00       0x34 ./Core/Src/fatfs_sd.o
 .text.SPI_TxBuffer
                0x0000000008000c34       0x34 ./Core/Src/fatfs_sd.o
 .text.SPI_RxByte
                0x0000000008000c68       0x38 ./Core/Src/fatfs_sd.o
 .text.SPI_RxBytePtr
                0x0000000008000ca0       0x1c ./Core/Src/fatfs_sd.o
 .text.SD_ReadyWait
                0x0000000008000cbc       0x34 ./Core/Src/fatfs_sd.o
 .text.SD_PowerOn
                0x0000000008000cf0       0x84 ./Core/Src/fatfs_sd.o
 .text.SD_PowerOff
                0x0000000008000d74       0x18 ./Core/Src/fatfs_sd.o
 .text.SD_CheckPower
                0x0000000008000d8c       0x18 ./Core/Src/fatfs_sd.o
 .text.SD_RxDataBlock
                0x0000000008000da4       0x5c ./Core/Src/fatfs_sd.o
 .text.SD_TxDataBlock
                0x0000000008000e00       0x86 ./Core/Src/fatfs_sd.o
 .text.SD_SendCmd
                0x0000000008000e86       0xa8 ./Core/Src/fatfs_sd.o
 *fill*         0x0000000008000f2e        0x2 
 .text.SD_disk_initialize
                0x0000000008000f30      0x1cc ./Core/Src/fatfs_sd.o
                0x0000000008000f30                SD_disk_initialize
 .text.SD_disk_status
                0x00000000080010fc       0x2c ./Core/Src/fatfs_sd.o
                0x00000000080010fc                SD_disk_status
 .text.SD_disk_read
                0x0000000008001128       0xd4 ./Core/Src/fatfs_sd.o
                0x0000000008001128                SD_disk_read
 .text.SD_disk_write
                0x00000000080011fc      0x108 ./Core/Src/fatfs_sd.o
                0x00000000080011fc                SD_disk_write
 .text.SD_disk_ioctl
                0x0000000008001304      0x258 ./Core/Src/fatfs_sd.o
                0x0000000008001304                SD_disk_ioctl
 .text.send_uart
                0x000000000800155c       0x30 ./Core/Src/main.o
                0x000000000800155c                send_uart
 .text.bufclear
                0x000000000800158c       0x38 ./Core/Src/main.o
                0x000000000800158c                bufclear
 .text.main     0x00000000080015c4      0x1c0 ./Core/Src/main.o
                0x00000000080015c4                main
 .text.SystemClock_Config
                0x0000000008001784       0xdc ./Core/Src/main.o
                0x0000000008001784                SystemClock_Config
 .text.MX_SPI1_Init
                0x0000000008001860       0x6c ./Core/Src/main.o
 .text.MX_USART2_UART_Init
                0x00000000080018cc       0x54 ./Core/Src/main.o
 .text.MX_GPIO_Init
                0x0000000008001920       0xa0 ./Core/Src/main.o
 .text.Error_Handler
                0x00000000080019c0        0xa ./Core/Src/main.o
                0x00000000080019c0                Error_Handler
 *fill*         0x00000000080019ca        0x2 
 .text.HAL_MspInit
                0x00000000080019cc       0x50 ./Core/Src/stm32f4xx_hal_msp.o
                0x00000000080019cc                HAL_MspInit
 .text.HAL_SPI_MspInit
                0x0000000008001a1c       0x90 ./Core/Src/stm32f4xx_hal_msp.o
                0x0000000008001a1c                HAL_SPI_MspInit
 .text.HAL_UART_MspInit
                0x0000000008001aac       0x90 ./Core/Src/stm32f4xx_hal_msp.o
                0x0000000008001aac                HAL_UART_MspInit
 .text.NMI_Handler
                0x0000000008001b3c        0xe ./Core/Src/stm32f4xx_it.o
                0x0000000008001b3c                NMI_Handler
 .text.HardFault_Handler
                0x0000000008001b4a        0x6 ./Core/Src/stm32f4xx_it.o
                0x0000000008001b4a                HardFault_Handler
 .text.MemManage_Handler
                0x0000000008001b50        0x6 ./Core/Src/stm32f4xx_it.o
                0x0000000008001b50                MemManage_Handler
 .text.BusFault_Handler
                0x0000000008001b56        0x6 ./Core/Src/stm32f4xx_it.o
                0x0000000008001b56                BusFault_Handler
 .text.UsageFault_Handler
                0x0000000008001b5c        0x6 ./Core/Src/stm32f4xx_it.o
                0x0000000008001b5c                UsageFault_Handler
 .text.SVC_Handler
                0x0000000008001b62        0xe ./Core/Src/stm32f4xx_it.o
                0x0000000008001b62                SVC_Handler
 .text.DebugMon_Handler
                0x0000000008001b70        0xe ./Core/Src/stm32f4xx_it.o
                0x0000000008001b70                DebugMon_Handler
 .text.PendSV_Handler
                0x0000000008001b7e        0xe ./Core/Src/stm32f4xx_it.o
                0x0000000008001b7e                PendSV_Handler
 .text.SysTick_Handler
                0x0000000008001b8c       0x3c ./Core/Src/stm32f4xx_it.o
                0x0000000008001b8c                SysTick_Handler
 .text._sbrk    0x0000000008001bc8       0x6c ./Core/Src/sysmem.o
                0x0000000008001bc8                _sbrk
 .text.SystemInit
                0x0000000008001c34       0x24 ./Core/Src/system_stm32f4xx.o
                0x0000000008001c34                SystemInit
 .text.Reset_Handler
                0x0000000008001c58       0x50 ./Core/Startup/startup_stm32f446retx.o
                0x0000000008001c58                Reset_Handler
 .text.Default_Handler
                0x0000000008001ca8        0x2 ./Core/Startup/startup_stm32f446retx.o
                0x0000000008001ca8                RTC_Alarm_IRQHandler
                0x0000000008001ca8                EXTI2_IRQHandler
                0x0000000008001ca8                TIM8_CC_IRQHandler
                0x0000000008001ca8                FMPI2C1_EV_IRQHandler
                0x0000000008001ca8                SPI4_IRQHandler
                0x0000000008001ca8                TIM1_CC_IRQHandler
                0x0000000008001ca8                DMA2_Stream5_IRQHandler
                0x0000000008001ca8                DMA1_Stream5_IRQHandler
                0x0000000008001ca8                PVD_IRQHandler
                0x0000000008001ca8                SDIO_IRQHandler
                0x0000000008001ca8                TAMP_STAMP_IRQHandler
                0x0000000008001ca8                CAN2_RX1_IRQHandler
                0x0000000008001ca8                EXTI3_IRQHandler
                0x0000000008001ca8                TIM8_TRG_COM_TIM14_IRQHandler
                0x0000000008001ca8                TIM1_UP_TIM10_IRQHandler
                0x0000000008001ca8                TIM8_UP_TIM13_IRQHandler
                0x0000000008001ca8                I2C3_ER_IRQHandler
                0x0000000008001ca8                EXTI0_IRQHandler
                0x0000000008001ca8                I2C2_EV_IRQHandler
                0x0000000008001ca8                DMA1_Stream2_IRQHandler
                0x0000000008001ca8                CAN1_RX0_IRQHandler
                0x0000000008001ca8                FPU_IRQHandler
                0x0000000008001ca8                OTG_HS_WKUP_IRQHandler
                0x0000000008001ca8                CAN2_SCE_IRQHandler
                0x0000000008001ca8                DMA2_Stream2_IRQHandler
                0x0000000008001ca8                SPI1_IRQHandler
                0x0000000008001ca8                TIM6_DAC_IRQHandler
                0x0000000008001ca8                TIM1_BRK_TIM9_IRQHandler
                0x0000000008001ca8                DCMI_IRQHandler
                0x0000000008001ca8                CAN2_RX0_IRQHandler
                0x0000000008001ca8                DMA2_Stream3_IRQHandler
                0x0000000008001ca8                SAI2_IRQHandler
                0x0000000008001ca8                USART6_IRQHandler
                0x0000000008001ca8                USART3_IRQHandler
                0x0000000008001ca8                CAN1_RX1_IRQHandler
                0x0000000008001ca8                UART5_IRQHandler
                0x0000000008001ca8                DMA2_Stream0_IRQHandler
                0x0000000008001ca8                TIM4_IRQHandler
                0x0000000008001ca8                QUADSPI_IRQHandler
                0x0000000008001ca8                I2C1_EV_IRQHandler
                0x0000000008001ca8                DMA1_Stream6_IRQHandler
                0x0000000008001ca8                DMA1_Stream1_IRQHandler
                0x0000000008001ca8                UART4_IRQHandler
                0x0000000008001ca8                TIM3_IRQHandler
                0x0000000008001ca8                RCC_IRQHandler
                0x0000000008001ca8                TIM8_BRK_TIM12_IRQHandler
                0x0000000008001ca8                Default_Handler
                0x0000000008001ca8                CEC_IRQHandler
                0x0000000008001ca8                EXTI15_10_IRQHandler
                0x0000000008001ca8                ADC_IRQHandler
                0x0000000008001ca8                DMA1_Stream7_IRQHandler
                0x0000000008001ca8                TIM7_IRQHandler
                0x0000000008001ca8                CAN2_TX_IRQHandler
                0x0000000008001ca8                TIM5_IRQHandler
                0x0000000008001ca8                DMA2_Stream7_IRQHandler
                0x0000000008001ca8                I2C3_EV_IRQHandler
                0x0000000008001ca8                EXTI9_5_IRQHandler
                0x0000000008001ca8                RTC_WKUP_IRQHandler
                0x0000000008001ca8                SPDIF_RX_IRQHandler
                0x0000000008001ca8                SPI2_IRQHandler
                0x0000000008001ca8                OTG_HS_EP1_IN_IRQHandler
                0x0000000008001ca8                DMA1_Stream0_IRQHandler
                0x0000000008001ca8                CAN1_TX_IRQHandler
                0x0000000008001ca8                FMPI2C1_ER_IRQHandler
                0x0000000008001ca8                EXTI4_IRQHandler
                0x0000000008001ca8                OTG_HS_EP1_OUT_IRQHandler
                0x0000000008001ca8                WWDG_IRQHandler
                0x0000000008001ca8                TIM2_IRQHandler
                0x0000000008001ca8                OTG_FS_WKUP_IRQHandler
                0x0000000008001ca8                TIM1_TRG_COM_TIM11_IRQHandler
                0x0000000008001ca8                OTG_HS_IRQHandler
                0x0000000008001ca8                EXTI1_IRQHandler
                0x0000000008001ca8                USART2_IRQHandler
                0x0000000008001ca8                I2C2_ER_IRQHandler
                0x0000000008001ca8                DMA2_Stream1_IRQHandler
                0x0000000008001ca8                CAN1_SCE_IRQHandler
                0x0000000008001ca8                FLASH_IRQHandler
                0x0000000008001ca8                DMA2_Stream4_IRQHandler
                0x0000000008001ca8                USART1_IRQHandler
                0x0000000008001ca8                OTG_FS_IRQHandler
                0x0000000008001ca8                SPI3_IRQHandler
                0x0000000008001ca8                DMA1_Stream4_IRQHandler
                0x0000000008001ca8                I2C1_ER_IRQHandler
                0x0000000008001ca8                FMC_IRQHandler
                0x0000000008001ca8                DMA2_Stream6_IRQHandler
                0x0000000008001ca8                SAI1_IRQHandler
                0x0000000008001ca8                DMA1_Stream3_IRQHandler
 *fill*         0x0000000008001caa        0x2 
 .text.HAL_Init
                0x0000000008001cac       0x44 ./Drivers/STM32F4xx_HAL_Driver/Src/stm32f4xx_hal.o
                0x0000000008001cac                HAL_Init
 .text.HAL_InitTick
                0x0000000008001cf0       0x60 ./Drivers/STM32F4xx_HAL_Driver/Src/stm32f4xx_hal.o
                0x0000000008001cf0                HAL_InitTick
 .text.HAL_IncTick
                0x0000000008001d50       0x28 ./Drivers/STM32F4xx_HAL_Driver/Src/stm32f4xx_hal.o
                0x0000000008001d50                HAL_IncTick
 .text.HAL_GetTick
                0x0000000008001d78       0x18 ./Drivers/STM32F4xx_HAL_Driver/Src/stm32f4xx_hal.o
                0x0000000008001d78                HAL_GetTick
 .text.HAL_Delay
                0x0000000008001d90       0x48 ./Drivers/STM32F4xx_HAL_Driver/Src/stm32f4xx_hal.o
                0x0000000008001d90                HAL_Delay
 .text.__NVIC_SetPriorityGrouping
                0x0000000008001dd8       0x48 ./Drivers/STM32F4xx_HAL_Driver/Src/stm32f4xx_hal_cortex.o
 .text.__NVIC_GetPriorityGrouping
                0x0000000008001e20       0x1c ./Drivers/STM32F4xx_HAL_Driver/Src/stm32f4xx_hal_cortex.o
 .text.__NVIC_SetPriority
                0x0000000008001e3c       0x54 ./Drivers/STM32F4xx_HAL_Driver/Src/stm32f4xx_hal_cortex.o
 .text.NVIC_EncodePriority
                0x0000000008001e90       0x66 ./Drivers/STM32F4xx_HAL_Driver/Src/stm32f4xx_hal_cortex.o
 *fill*         0x0000000008001ef6        0x2 
 .text.SysTick_Config
                0x0000000008001ef8       0x44 ./Drivers/STM32F4xx_HAL_Driver/Src/stm32f4xx_hal_cortex.o
 .text.HAL_NVIC_SetPriorityGrouping
                0x0000000008001f3c       0x16 ./Drivers/STM32F4xx_HAL_Driver/Src/stm32f4xx_hal_cortex.o
                0x0000000008001f3c                HAL_NVIC_SetPriorityGrouping
 .text.HAL_NVIC_SetPriority
                0x0000000008001f52       0x38 ./Drivers/STM32F4xx_HAL_Driver/Src/stm32f4xx_hal_cortex.o
                0x0000000008001f52                HAL_NVIC_SetPriority
 .text.HAL_SYSTICK_Config
                0x0000000008001f8a       0x18 ./Drivers/STM32F4xx_HAL_Driver/Src/stm32f4xx_hal_cortex.o
                0x0000000008001f8a                HAL_SYSTICK_Config
 *fill*         0x0000000008001fa2        0x2 
 .text.HAL_GPIO_Init
                0x0000000008001fa4      0x328 ./Drivers/STM32F4xx_HAL_Driver/Src/stm32f4xx_hal_gpio.o
                0x0000000008001fa4                HAL_GPIO_Init
 .text.HAL_GPIO_WritePin
                0x00000000080022cc       0x32 ./Drivers/STM32F4xx_HAL_Driver/Src/stm32f4xx_hal_gpio.o
                0x00000000080022cc                HAL_GPIO_WritePin
 *fill*         0x00000000080022fe        0x2 
 .text.HAL_RCC_ClockConfig
                0x0000000008002300      0x1cc ./Drivers/STM32F4xx_HAL_Driver/Src/stm32f4xx_hal_rcc.o
                0x0000000008002300                HAL_RCC_ClockConfig
 .text.HAL_RCC_GetHCLKFreq
                0x00000000080024cc       0x18 ./Drivers/STM32F4xx_HAL_Driver/Src/stm32f4xx_hal_rcc.o
                0x00000000080024cc                HAL_RCC_GetHCLKFreq
 .text.HAL_RCC_GetPCLK1Freq
                0x00000000080024e4       0x28 ./Drivers/STM32F4xx_HAL_Driver/Src/stm32f4xx_hal_rcc.o
                0x00000000080024e4                HAL_RCC_GetPCLK1Freq
 .text.HAL_RCC_GetPCLK2Freq
                0x000000000800250c       0x28 ./Drivers/STM32F4xx_HAL_Driver/Src/stm32f4xx_hal_rcc.o
                0x000000000800250c                HAL_RCC_GetPCLK2Freq
 .text.HAL_RCC_GetSysClockFreq
                0x0000000008002534      0x460 ./Drivers/STM32F4xx_HAL_Driver/Src/stm32f4xx_hal_rcc_ex.o
                0x0000000008002534                HAL_RCC_GetSysClockFreq
 .text.HAL_RCC_OscConfig
                0x0000000008002994      0x53c ./Drivers/STM32F4xx_HAL_Driver/Src/stm32f4xx_hal_rcc_ex.o
                0x0000000008002994                HAL_RCC_OscConfig
 .text.HAL_SPI_Init
                0x0000000008002ed0      0x112 ./Drivers/STM32F4xx_HAL_Driver/Src/stm32f4xx_hal_spi.o
                0x0000000008002ed0                HAL_SPI_Init
 .text.HAL_SPI_Transmit
                0x0000000008002fe2      0x278 ./Drivers/STM32F4xx_HAL_Driver/Src/stm32f4xx_hal_spi.o
                0x0000000008002fe2                HAL_SPI_Transmit
 .text.HAL_SPI_TransmitReceive
                0x000000000800325a      0x344 ./Drivers/STM32F4xx_HAL_Driver/Src/stm32f4xx_hal_spi.o
                0x000000000800325a                HAL_SPI_TransmitReceive
 *fill*         0x000000000800359e        0x2 
 .text.SPI_WaitFlagStateUntilTimeout
                0x00000000080035a0      0x110 ./Drivers/STM32F4xx_HAL_Driver/Src/stm32f4xx_hal_spi.o
 .text.SPI_EndRxTxTransaction
                0x00000000080036b0       0x84 ./Drivers/STM32F4xx_HAL_Driver/Src/stm32f4xx_hal_spi.o
 .text.HAL_UART_Init
                0x0000000008003734       0x9a ./Drivers/STM32F4xx_HAL_Driver/Src/stm32f4xx_hal_uart.o
                0x0000000008003734                HAL_UART_Init
 .text.HAL_UART_Transmit
                0x00000000080037ce      0x124 ./Drivers/STM32F4xx_HAL_Driver/Src/stm32f4xx_hal_uart.o
                0x00000000080037ce                HAL_UART_Transmit
 .text.UART_WaitOnFlagUntilTimeout
                0x00000000080038f2       0xdc ./Drivers/STM32F4xx_HAL_Driver/Src/stm32f4xx_hal_uart.o
 *fill*         0x00000000080039ce        0x2 
 .text.UART_SetConfig
                0x00000000080039d0      0x4e8 ./Drivers/STM32F4xx_HAL_Driver/Src/stm32f4xx_hal_uart.o
 .text.MX_FATFS_Init
                0x0000000008003eb8       0x24 ./FATFS/App/fatfs.o
                0x0000000008003eb8                MX_FATFS_Init
 .text.get_fattime
                0x0000000008003edc       0x10 ./FATFS/App/fatfs.o
                0x0000000008003edc                get_fattime
 .text.USER_initialize
                0x0000000008003eec       0x1c ./FATFS/Target/user_diskio.o
                0x0000000008003eec                USER_initialize
 .text.USER_status
                0x0000000008003f08       0x1c ./FATFS/Target/user_diskio.o
                0x0000000008003f08                USER_status
 .text.USER_read
                0x0000000008003f24       0x26 ./FATFS/Target/user_diskio.o
                0x0000000008003f24                USER_read
 .text.USER_write
                0x0000000008003f4a       0x26 ./FATFS/Target/user_diskio.o
                0x0000000008003f4a                USER_write
 .text.USER_ioctl
                0x0000000008003f70       0x26 ./FATFS/Target/user_diskio.o
                0x0000000008003f70                USER_ioctl
 *fill*         0x0000000008003f96        0x2 
 .text.disk_status
                0x0000000008003f98       0x34 ./Middlewares/Third_Party/FatFs/src/diskio.o
                0x0000000008003f98                disk_status
 .text.disk_initialize
                0x0000000008003fcc       0x4c ./Middlewares/Third_Party/FatFs/src/diskio.o
                0x0000000008003fcc                disk_initialize
 .text.disk_read
                0x0000000008004018       0x40 ./Middlewares/Third_Party/FatFs/src/diskio.o
                0x0000000008004018                disk_read
 .text.disk_write
                0x0000000008004058       0x40 ./Middlewares/Third_Party/FatFs/src/diskio.o
                0x0000000008004058                disk_write
 .text.disk_ioctl
                0x0000000008004098       0x3c ./Middlewares/Third_Party/FatFs/src/diskio.o
                0x0000000008004098                disk_ioctl
 .text.ld_word  0x00000000080040d4       0x30 ./Middlewares/Third_Party/FatFs/src/ff.o
 .text.ld_dword
                0x0000000008004104       0x46 ./Middlewares/Third_Party/FatFs/src/ff.o
 .text.st_word  0x000000000800414a       0x36 ./Middlewares/Third_Party/FatFs/src/ff.o
 .text.st_dword
                0x0000000008004180       0x58 ./Middlewares/Third_Party/FatFs/src/ff.o
 .text.mem_cpy  0x00000000080041d8       0x42 ./Middlewares/Third_Party/FatFs/src/ff.o
 .text.mem_set  0x000000000800421a       0x36 ./Middlewares/Third_Party/FatFs/src/ff.o
 .text.mem_cmp  0x0000000008004250       0x4e ./Middlewares/Third_Party/FatFs/src/ff.o
 .text.chk_chr  0x000000000800429e       0x36 ./Middlewares/Third_Party/FatFs/src/ff.o
 .text.chk_lock
                0x00000000080042d4       0xb8 ./Middlewares/Third_Party/FatFs/src/ff.o
 .text.enq_lock
                0x000000000800438c       0x44 ./Middlewares/Third_Party/FatFs/src/ff.o
 .text.inc_lock
                0x00000000080043d0      0x11c ./Middlewares/Third_Party/FatFs/src/ff.o
 .text.dec_lock
                0x00000000080044ec       0x78 ./Middlewares/Third_Party/FatFs/src/ff.o
 .text.clear_lock
                0x0000000008004564       0x48 ./Middlewares/Third_Party/FatFs/src/ff.o
 .text.sync_window
                0x00000000080045ac       0x88 ./Middlewares/Third_Party/FatFs/src/ff.o
 .text.move_window
                0x0000000008004634       0x5a ./Middlewares/Third_Party/FatFs/src/ff.o
 *fill*         0x000000000800468e        0x2 
 .text.sync_fs  0x0000000008004690       0xe0 ./Middlewares/Third_Party/FatFs/src/ff.o
 .text.clust2sect
                0x0000000008004770       0x3e ./Middlewares/Third_Party/FatFs/src/ff.o
 .text.get_fat  0x00000000080047ae      0x1a8 ./Middlewares/Third_Party/FatFs/src/ff.o
 .text.put_fat  0x0000000008004956      0x234 ./Middlewares/Third_Party/FatFs/src/ff.o
 .text.remove_chain
                0x0000000008004b8a       0xca ./Middlewares/Third_Party/FatFs/src/ff.o
 .text.create_chain
                0x0000000008004c54      0x130 ./Middlewares/Third_Party/FatFs/src/ff.o
 .text.clmt_clust
                0x0000000008004d84       0x70 ./Middlewares/Third_Party/FatFs/src/ff.o
 .text.dir_sdi  0x0000000008004df4      0x112 ./Middlewares/Third_Party/FatFs/src/ff.o
 .text.dir_next
                0x0000000008004f06      0x1ac ./Middlewares/Third_Party/FatFs/src/ff.o
 .text.dir_alloc
                0x00000000080050b2       0x8e ./Middlewares/Third_Party/FatFs/src/ff.o
 .text.ld_clust
                0x0000000008005140       0x3e ./Middlewares/Third_Party/FatFs/src/ff.o
 .text.st_clust
                0x000000000800517e       0x40 ./Middlewares/Third_Party/FatFs/src/ff.o
 *fill*         0x00000000080051be        0x2 
 .text.cmp_lfn  0x00000000080051c0       0xe0 ./Middlewares/Third_Party/FatFs/src/ff.o
 .text.put_lfn  0x00000000080052a0       0xd0 ./Middlewares/Third_Party/FatFs/src/ff.o
 .text.gen_numname
                0x0000000008005370      0x11c ./Middlewares/Third_Party/FatFs/src/ff.o
 .text.sum_sfn  0x000000000800548c       0x42 ./Middlewares/Third_Party/FatFs/src/ff.o
 .text.dir_find
                0x00000000080054ce      0x180 ./Middlewares/Third_Party/FatFs/src/ff.o
 *fill*         0x000000000800564e        0x2 
 .text.dir_register
                0x0000000008005650      0x1f0 ./Middlewares/Third_Party/FatFs/src/ff.o
 .text.create_name
                0x0000000008005840      0x370 ./Middlewares/Third_Party/FatFs/src/ff.o
 .text.follow_path
                0x0000000008005bb0       0xec ./Middlewares/Third_Party/FatFs/src/ff.o
 .text.get_ldnumber
                0x0000000008005c9c       0x88 ./Middlewares/Third_Party/FatFs/src/ff.o
 .text.check_fs
                0x0000000008005d24       0xac ./Middlewares/Third_Party/FatFs/src/ff.o
 .text.find_volume
                0x0000000008005dd0      0x50c ./Middlewares/Third_Party/FatFs/src/ff.o
 .text.validate
                0x00000000080062dc       0x6a ./Middlewares/Third_Party/FatFs/src/ff.o
 *fill*         0x0000000008006346        0x2 
 .text.f_mount  0x0000000008006348       0x8c ./Middlewares/Third_Party/FatFs/src/ff.o
                0x0000000008006348                f_mount
 .text.f_open   0x00000000080063d4      0x398 ./Middlewares/Third_Party/FatFs/src/ff.o
                0x00000000080063d4                f_open
 .text.f_read   0x000000000800676c      0x2be ./Middlewares/Third_Party/FatFs/src/ff.o
                0x000000000800676c                f_read
 .text.f_write  0x0000000008006a2a      0x328 ./Middlewares/Third_Party/FatFs/src/ff.o
                0x0000000008006a2a                f_write
 .text.f_sync   0x0000000008006d52       0xfc ./Middlewares/Third_Party/FatFs/src/ff.o
                0x0000000008006d52                f_sync
 .text.f_close  0x0000000008006e4e       0x54 ./Middlewares/Third_Party/FatFs/src/ff.o
                0x0000000008006e4e                f_close
 .text.f_getfree
                0x0000000008006ea2      0x16a ./Middlewares/Third_Party/FatFs/src/ff.o
                0x0000000008006ea2                f_getfree
 .text.f_gets   0x000000000800700c       0x7a ./Middlewares/Third_Party/FatFs/src/ff.o
                0x000000000800700c                f_gets
 .text.putc_bfd
                0x0000000008007086       0x7a ./Middlewares/Third_Party/FatFs/src/ff.o
 .text.putc_flush
                0x0000000008007100       0x4a ./Middlewares/Third_Party/FatFs/src/ff.o
 .text.putc_init
                0x000000000800714a       0x2a ./Middlewares/Third_Party/FatFs/src/ff.o
 .text.f_puts   0x0000000008007174       0x48 ./Middlewares/Third_Party/FatFs/src/ff.o
                0x0000000008007174                f_puts
 .text.FATFS_LinkDriverEx
                0x00000000080071bc       0x98 ./Middlewares/Third_Party/FatFs/src/ff_gen_drv.o
                0x00000000080071bc                FATFS_LinkDriverEx
 .text.FATFS_LinkDriver
                0x0000000008007254       0x1e ./Middlewares/Third_Party/FatFs/src/ff_gen_drv.o
                0x0000000008007254                FATFS_LinkDriver
 *fill*         0x0000000008007272        0x2 
 .text.ff_convert
                0x0000000008007274       0x78 ./Middlewares/Third_Party/FatFs/src/option/ccsbcs.o
                0x0000000008007274                ff_convert
 .text.ff_wtoupper
                0x00000000080072ec      0x114 ./Middlewares/Third_Party/FatFs/src/option/ccsbcs.o
                0x00000000080072ec                ff_wtoupper
 .text.sprintf  0x0000000008007400       0x40 C:/ST/STM32CubeIDE_1.10.1/STM32CubeIDE/plugins/com.st.stm32cube.ide.mcu.externaltools.gnu-tools-for-stm32.11.3.rel1.win32_1.1.0.202305231506/tools/bin/../lib/gcc/arm-none-eabi/11.3.1/../../../../arm-none-eabi/lib/thumb/v7e-m+fp/hard\libc_nano.a(libc_a-sprintf.o)
                0x0000000008007400                siprintf
                0x0000000008007400                sprintf
 .text.memset   0x0000000008007440       0x10 C:/ST/STM32CubeIDE_1.10.1/STM32CubeIDE/plugins/com.st.stm32cube.ide.mcu.externaltools.gnu-tools-for-stm32.11.3.rel1.win32_1.1.0.202305231506/tools/bin/../lib/gcc/arm-none-eabi/11.3.1/../../../../arm-none-eabi/lib/thumb/v7e-m+fp/hard\libc_nano.a(libc_a-memset.o)
                0x0000000008007440                memset
 .text.__errno  0x0000000008007450        0xc C:/ST/STM32CubeIDE_1.10.1/STM32CubeIDE/plugins/com.st.stm32cube.ide.mcu.externaltools.gnu-tools-for-stm32.11.3.rel1.win32_1.1.0.202305231506/tools/bin/../lib/gcc/arm-none-eabi/11.3.1/../../../../arm-none-eabi/lib/thumb/v7e-m+fp/hard\libc_nano.a(libc_a-errno.o)
                0x0000000008007450                __errno
 .text.__libc_init_array
                0x000000000800745c       0x48 C:/ST/STM32CubeIDE_1.10.1/STM32CubeIDE/plugins/com.st.stm32cube.ide.mcu.externaltools.gnu-tools-for-stm32.11.3.rel1.win32_1.1.0.202305231506/tools/bin/../lib/gcc/arm-none-eabi/11.3.1/../../../../arm-none-eabi/lib/thumb/v7e-m+fp/hard\libc_nano.a(libc_a-init.o)
                0x000000000800745c                __libc_init_array
 .text.__retarget_lock_acquire_recursive
                0x00000000080074a4        0x2 C:/ST/STM32CubeIDE_1.10.1/STM32CubeIDE/plugins/com.st.stm32cube.ide.mcu.externaltools.gnu-tools-for-stm32.11.3.rel1.win32_1.1.0.202305231506/tools/bin/../lib/gcc/arm-none-eabi/11.3.1/../../../../arm-none-eabi/lib/thumb/v7e-m+fp/hard\libc_nano.a(libc_a-lock.o)
                0x00000000080074a4                __retarget_lock_acquire_recursive
 .text.__retarget_lock_release_recursive
                0x00000000080074a6        0x2 C:/ST/STM32CubeIDE_1.10.1/STM32CubeIDE/plugins/com.st.stm32cube.ide.mcu.externaltools.gnu-tools-for-stm32.11.3.rel1.win32_1.1.0.202305231506/tools/bin/../lib/gcc/arm-none-eabi/11.3.1/../../../../arm-none-eabi/lib/thumb/v7e-m+fp/hard\libc_nano.a(libc_a-lock.o)
                0x00000000080074a6                __retarget_lock_release_recursive
 .text._free_r  0x00000000080074a8       0x98 C:/ST/STM32CubeIDE_1.10.1/STM32CubeIDE/plugins/com.st.stm32cube.ide.mcu.externaltools.gnu-tools-for-stm32.11.3.rel1.win32_1.1.0.202305231506/tools/bin/../lib/gcc/arm-none-eabi/11.3.1/../../../../arm-none-eabi/lib/thumb/v7e-m+fp/hard\libc_nano.a(libc_a-freer.o)
                0x00000000080074a8                _free_r
 .text.sbrk_aligned
                0x0000000008007540       0x40 C:/ST/STM32CubeIDE_1.10.1/STM32CubeIDE/plugins/com.st.stm32cube.ide.mcu.externaltools.gnu-tools-for-stm32.11.3.rel1.win32_1.1.0.202305231506/tools/bin/../lib/gcc/arm-none-eabi/11.3.1/../../../../arm-none-eabi/lib/thumb/v7e-m+fp/hard\libc_nano.a(libc_a-mallocr.o)
 .text._malloc_r
                0x0000000008007580      0x100 C:/ST/STM32CubeIDE_1.10.1/STM32CubeIDE/plugins/com.st.stm32cube.ide.mcu.externaltools.gnu-tools-for-stm32.11.3.rel1.win32_1.1.0.202305231506/tools/bin/../lib/gcc/arm-none-eabi/11.3.1/../../../../arm-none-eabi/lib/thumb/v7e-m+fp/hard\libc_nano.a(libc_a-mallocr.o)
                0x0000000008007580                _malloc_r
 .text.__malloc_lock
                0x0000000008007680        0xc C:/ST/STM32CubeIDE_1.10.1/STM32CubeIDE/plugins/com.st.stm32cube.ide.mcu.externaltools.gnu-tools-for-stm32.11.3.rel1.win32_1.1.0.202305231506/tools/bin/../lib/gcc/arm-none-eabi/11.3.1/../../../../arm-none-eabi/lib/thumb/v7e-m+fp/hard\libc_nano.a(libc_a-mlock.o)
                0x0000000008007680                __malloc_lock
 .text.__malloc_unlock
                0x000000000800768c        0xc C:/ST/STM32CubeIDE_1.10.1/STM32CubeIDE/plugins/com.st.stm32cube.ide.mcu.externaltools.gnu-tools-for-stm32.11.3.rel1.win32_1.1.0.202305231506/tools/bin/../lib/gcc/arm-none-eabi/11.3.1/../../../../arm-none-eabi/lib/thumb/v7e-m+fp/hard\libc_nano.a(libc_a-mlock.o)
                0x000000000800768c                __malloc_unlock
 .text.__ssputs_r
                0x0000000008007698       0xb4 C:/ST/STM32CubeIDE_1.10.1/STM32CubeIDE/plugins/com.st.stm32cube.ide.mcu.externaltools.gnu-tools-for-stm32.11.3.rel1.win32_1.1.0.202305231506/tools/bin/../lib/gcc/arm-none-eabi/11.3.1/../../../../arm-none-eabi/lib/thumb/v7e-m+fp/hard\libc_nano.a(libc_a-nano-svfprintf.o)
                0x0000000008007698                __ssputs_r
 .text._svfprintf_r
                0x000000000800774c      0x1fc C:/ST/STM32CubeIDE_1.10.1/STM32CubeIDE/plugins/com.st.stm32cube.ide.mcu.externaltools.gnu-tools-for-stm32.11.3.rel1.win32_1.1.0.202305231506/tools/bin/../lib/gcc/arm-none-eabi/11.3.1/../../../../arm-none-eabi/lib/thumb/v7e-m+fp/hard\libc_nano.a(libc_a-nano-svfprintf.o)
                0x000000000800774c                _svfiprintf_r
                0x000000000800774c                _svfprintf_r
 .text._printf_common
                0x0000000008007948       0xda C:/ST/STM32CubeIDE_1.10.1/STM32CubeIDE/plugins/com.st.stm32cube.ide.mcu.externaltools.gnu-tools-for-stm32.11.3.rel1.win32_1.1.0.202305231506/tools/bin/../lib/gcc/arm-none-eabi/11.3.1/../../../../arm-none-eabi/lib/thumb/v7e-m+fp/hard\libc_nano.a(libc_a-nano-vfprintf_i.o)
                0x0000000008007948                _printf_common
 *fill*         0x0000000008007a22        0x2 
 .text._printf_i
                0x0000000008007a24      0x244 C:/ST/STM32CubeIDE_1.10.1/STM32CubeIDE/plugins/com.st.stm32cube.ide.mcu.externaltools.gnu-tools-for-stm32.11.3.rel1.win32_1.1.0.202305231506/tools/bin/../lib/gcc/arm-none-eabi/11.3.1/../../../../arm-none-eabi/lib/thumb/v7e-m+fp/hard\libc_nano.a(libc_a-nano-vfprintf_i.o)
                0x0000000008007a24                _printf_i
 .text.memmove  0x0000000008007c68       0x34 C:/ST/STM32CubeIDE_1.10.1/STM32CubeIDE/plugins/com.st.stm32cube.ide.mcu.externaltools.gnu-tools-for-stm32.11.3.rel1.win32_1.1.0.202305231506/tools/bin/../lib/gcc/arm-none-eabi/11.3.1/../../../../arm-none-eabi/lib/thumb/v7e-m+fp/hard\libc_nano.a(libc_a-memmove.o)
                0x0000000008007c68                memmove
 .text._sbrk_r  0x0000000008007c9c       0x20 C:/ST/STM32CubeIDE_1.10.1/STM32CubeIDE/plugins/com.st.stm32cube.ide.mcu.externaltools.gnu-tools-for-stm32.11.3.rel1.win32_1.1.0.202305231506/tools/bin/../lib/gcc/arm-none-eabi/11.3.1/../../../../arm-none-eabi/lib/thumb/v7e-m+fp/hard\libc_nano.a(libc_a-sbrkr.o)
                0x0000000008007c9c                _sbrk_r
 .text.memcpy   0x0000000008007cbc       0x1c C:/ST/STM32CubeIDE_1.10.1/STM32CubeIDE/plugins/com.st.stm32cube.ide.mcu.externaltools.gnu-tools-for-stm32.11.3.rel1.win32_1.1.0.202305231506/tools/bin/../lib/gcc/arm-none-eabi/11.3.1/../../../../arm-none-eabi/lib/thumb/v7e-m+fp/hard\libc_nano.a(libc_a-memcpy-stub.o)
                0x0000000008007cbc                memcpy
 .text._realloc_r
                0x0000000008007cd8       0x5e C:/ST/STM32CubeIDE_1.10.1/STM32CubeIDE/plugins/com.st.stm32cube.ide.mcu.externaltools.gnu-tools-for-stm32.11.3.rel1.win32_1.1.0.202305231506/tools/bin/../lib/gcc/arm-none-eabi/11.3.1/../../../../arm-none-eabi/lib/thumb/v7e-m+fp/hard\libc_nano.a(libc_a-reallocr.o)
                0x0000000008007cd8                _realloc_r
 .text._malloc_usable_size_r
                0x0000000008007d36       0x10 C:/ST/STM32CubeIDE_1.10.1/STM32CubeIDE/plugins/com.st.stm32cube.ide.mcu.externaltools.gnu-tools-for-stm32.11.3.rel1.win32_1.1.0.202305231506/tools/bin/../lib/gcc/arm-none-eabi/11.3.1/../../../../arm-none-eabi/lib/thumb/v7e-m+fp/hard\libc_nano.a(libc_a-msizer.o)
                0x0000000008007d36                _malloc_usable_size_r
 *(.glue_7)
 .glue_7        0x0000000008007d46        0x0 linker stubs
 *(.glue_7t)
 .glue_7t       0x0000000008007d46        0x0 linker stubs
 *(.eh_frame)
 *fill*         0x0000000008007d46        0x2 
 .eh_frame      0x0000000008007d48        0x0 C:/ST/STM32CubeIDE_1.10.1/STM32CubeIDE/plugins/com.st.stm32cube.ide.mcu.externaltools.gnu-tools-for-stm32.11.3.rel1.win32_1.1.0.202305231506/tools/bin/../lib/gcc/arm-none-eabi/11.3.1/thumb/v7e-m+fp/hard/crtbegin.o
 *(.init)
 .init          0x0000000008007d48        0x4 C:/ST/STM32CubeIDE_1.10.1/STM32CubeIDE/plugins/com.st.stm32cube.ide.mcu.externaltools.gnu-tools-for-stm32.11.3.rel1.win32_1.1.0.202305231506/tools/bin/../lib/gcc/arm-none-eabi/11.3.1/thumb/v7e-m+fp/hard/crti.o
                0x0000000008007d48                _init
 .init          0x0000000008007d4c        0x8 C:/ST/STM32CubeIDE_1.10.1/STM32CubeIDE/plugins/com.st.stm32cube.ide.mcu.externaltools.gnu-tools-for-stm32.11.3.rel1.win32_1.1.0.202305231506/tools/bin/../lib/gcc/arm-none-eabi/11.3.1/thumb/v7e-m+fp/hard/crtn.o
 *(.fini)
 .fini          0x0000000008007d54        0x4 C:/ST/STM32CubeIDE_1.10.1/STM32CubeIDE/plugins/com.st.stm32cube.ide.mcu.externaltools.gnu-tools-for-stm32.11.3.rel1.win32_1.1.0.202305231506/tools/bin/../lib/gcc/arm-none-eabi/11.3.1/thumb/v7e-m+fp/hard/crti.o
                0x0000000008007d54                _fini
 .fini          0x0000000008007d58        0x8 C:/ST/STM32CubeIDE_1.10.1/STM32CubeIDE/plugins/com.st.stm32cube.ide.mcu.externaltools.gnu-tools-for-stm32.11.3.rel1.win32_1.1.0.202305231506/tools/bin/../lib/gcc/arm-none-eabi/11.3.1/thumb/v7e-m+fp/hard/crtn.o
                0x0000000008007d60                . = ALIGN (0x4)
                0x0000000008007d60                _etext = .

.vfp11_veneer   0x0000000008007d60        0x0
 .vfp11_veneer  0x0000000008007d60        0x0 linker stubs

.v4_bx          0x0000000008007d60        0x0
 .v4_bx         0x0000000008007d60        0x0 linker stubs

.iplt           0x0000000008007d60        0x0
 .iplt          0x0000000008007d60        0x0 C:/ST/STM32CubeIDE_1.10.1/STM32CubeIDE/plugins/com.st.stm32cube.ide.mcu.externaltools.gnu-tools-for-stm32.11.3.rel1.win32_1.1.0.202305231506/tools/bin/../lib/gcc/arm-none-eabi/11.3.1/thumb/v7e-m+fp/hard/crtbegin.o

.rodata         0x0000000008007d60      0x5b8
                0x0000000008007d60                . = ALIGN (0x4)
 *(.rodata)
 .rodata        0x0000000008007d60       0xe1 ./Core/Src/main.o
 *fill*         0x0000000008007e41        0x3 
 .rodata        0x0000000008007e44       0x48 ./Middlewares/Third_Party/FatFs/src/ff.o
 *(.rodata*)
 .rodata.AHBPrescTable
                0x0000000008007e8c       0x10 ./Core/Src/system_stm32f4xx.o
                0x0000000008007e8c                AHBPrescTable
 .rodata.APBPrescTable
                0x0000000008007e9c        0x8 ./Core/Src/system_stm32f4xx.o
                0x0000000008007e9c                APBPrescTable
 .rodata.ExCvt  0x0000000008007ea4       0x80 ./Middlewares/Third_Party/FatFs/src/ff.o
 .rodata.LfnOfs
                0x0000000008007f24        0xd ./Middlewares/Third_Party/FatFs/src/ff.o
 *fill*         0x0000000008007f31        0x3 
 .rodata.Tbl    0x0000000008007f34      0x100 ./Middlewares/Third_Party/FatFs/src/option/ccsbcs.o
 .rodata.cvt1.1
                0x0000000008008034      0x1f2 ./Middlewares/Third_Party/FatFs/src/option/ccsbcs.o
 *fill*         0x0000000008008226        0x2 
 .rodata.cvt2.0
                0x0000000008008228       0xbc ./Middlewares/Third_Party/FatFs/src/option/ccsbcs.o
 .rodata._svfprintf_r.str1.1
                0x00000000080082e4       0x11 C:/ST/STM32CubeIDE_1.10.1/STM32CubeIDE/plugins/com.st.stm32cube.ide.mcu.externaltools.gnu-tools-for-stm32.11.3.rel1.win32_1.1.0.202305231506/tools/bin/../lib/gcc/arm-none-eabi/11.3.1/../../../../arm-none-eabi/lib/thumb/v7e-m+fp/hard\libc_nano.a(libc_a-nano-svfprintf.o)
 .rodata._printf_i.str1.1
                0x00000000080082f5       0x22 C:/ST/STM32CubeIDE_1.10.1/STM32CubeIDE/plugins/com.st.stm32cube.ide.mcu.externaltools.gnu-tools-for-stm32.11.3.rel1.win32_1.1.0.202305231506/tools/bin/../lib/gcc/arm-none-eabi/11.3.1/../../../../arm-none-eabi/lib/thumb/v7e-m+fp/hard\libc_nano.a(libc_a-nano-vfprintf_i.o)
                0x0000000008008318                . = ALIGN (0x4)
 *fill*         0x0000000008008317        0x1 

.ARM.extab      0x0000000008008318        0x0
                0x0000000008008318                . = ALIGN (0x4)
 *(.ARM.extab* .gnu.linkonce.armextab.*)
                0x0000000008008318                . = ALIGN (0x4)

.ARM            0x0000000008008318        0x8
                0x0000000008008318                . = ALIGN (0x4)
                0x0000000008008318                __exidx_start = .
 *(.ARM.exidx*)
 .ARM.exidx     0x0000000008008318        0x8 C:/ST/STM32CubeIDE_1.10.1/STM32CubeIDE/plugins/com.st.stm32cube.ide.mcu.externaltools.gnu-tools-for-stm32.11.3.rel1.win32_1.1.0.202305231506/tools/bin/../lib/gcc/arm-none-eabi/11.3.1/thumb/v7e-m+fp/hard\libgcc.a(_udivmoddi4.o)
                0x0000000008008320                __exidx_end = .
                0x0000000008008320                . = ALIGN (0x4)

.rel.dyn        0x0000000008008320        0x0
 .rel.iplt      0x0000000008008320        0x0 C:/ST/STM32CubeIDE_1.10.1/STM32CubeIDE/plugins/com.st.stm32cube.ide.mcu.externaltools.gnu-tools-for-stm32.11.3.rel1.win32_1.1.0.202305231506/tools/bin/../lib/gcc/arm-none-eabi/11.3.1/thumb/v7e-m+fp/hard/crtbegin.o

.preinit_array  0x0000000008008320        0x0
                0x0000000008008320                . = ALIGN (0x4)
                0x0000000008008320                PROVIDE (__preinit_array_start = .)
 *(.preinit_array*)
                0x0000000008008320                PROVIDE (__preinit_array_end = .)
                0x0000000008008320                . = ALIGN (0x4)

.init_array     0x0000000008008320        0x4
                0x0000000008008320                . = ALIGN (0x4)
                0x0000000008008320                PROVIDE (__init_array_start = .)
 *(SORT_BY_NAME(.init_array.*))
 *(.init_array*)
 .init_array    0x0000000008008320        0x4 C:/ST/STM32CubeIDE_1.10.1/STM32CubeIDE/plugins/com.st.stm32cube.ide.mcu.externaltools.gnu-tools-for-stm32.11.3.rel1.win32_1.1.0.202305231506/tools/bin/../lib/gcc/arm-none-eabi/11.3.1/thumb/v7e-m+fp/hard/crtbegin.o
                0x0000000008008324                PROVIDE (__init_array_end = .)
                0x0000000008008324                . = ALIGN (0x4)

.fini_array     0x0000000008008324        0x4
                0x0000000008008324                . = ALIGN (0x4)
                [!provide]                        PROVIDE (__fini_array_start = .)
 *(SORT_BY_NAME(.fini_array.*))
 *(.fini_array*)
 .fini_array    0x0000000008008324        0x4 C:/ST/STM32CubeIDE_1.10.1/STM32CubeIDE/plugins/com.st.stm32cube.ide.mcu.externaltools.gnu-tools-for-stm32.11.3.rel1.win32_1.1.0.202305231506/tools/bin/../lib/gcc/arm-none-eabi/11.3.1/thumb/v7e-m+fp/hard/crtbegin.o
                [!provide]                        PROVIDE (__fini_array_end = .)
                0x0000000008008328                . = ALIGN (0x4)
                0x0000000008008328                _sidata = LOADADDR (.data)

.data           0x0000000020000000       0x74 load address 0x0000000008008328
                0x0000000020000000                . = ALIGN (0x4)
                0x0000000020000000                _sdata = .
 *(.data)
 *(.data*)
 .data.Stat     0x0000000020000000        0x1 ./Core/Src/fatfs_sd.o
 *fill*         0x0000000020000001        0x3 
 .data.SystemCoreClock
                0x0000000020000004        0x4 ./Core/Src/system_stm32f4xx.o
                0x0000000020000004                SystemCoreClock
 .data.uwTickPrio
                0x0000000020000008        0x4 ./Drivers/STM32F4xx_HAL_Driver/Src/stm32f4xx_hal.o
                0x0000000020000008                uwTickPrio
 .data.uwTickFreq
                0x000000002000000c        0x1 ./Drivers/STM32F4xx_HAL_Driver/Src/stm32f4xx_hal.o
                0x000000002000000c                uwTickFreq
 *fill*         0x000000002000000d        0x3 
 .data.USER_Driver
                0x0000000020000010       0x14 ./FATFS/Target/user_diskio.o
                0x0000000020000010                USER_Driver
 .data._impure_data
                0x0000000020000024       0x4c C:/ST/STM32CubeIDE_1.10.1/STM32CubeIDE/plugins/com.st.stm32cube.ide.mcu.externaltools.gnu-tools-for-stm32.11.3.rel1.win32_1.1.0.202305231506/tools/bin/../lib/gcc/arm-none-eabi/11.3.1/../../../../arm-none-eabi/lib/thumb/v7e-m+fp/hard\libc_nano.a(libc_a-impure.o)
                0x0000000020000024                _impure_data
 .data._impure_ptr
                0x0000000020000070        0x4 C:/ST/STM32CubeIDE_1.10.1/STM32CubeIDE/plugins/com.st.stm32cube.ide.mcu.externaltools.gnu-tools-for-stm32.11.3.rel1.win32_1.1.0.202305231506/tools/bin/../lib/gcc/arm-none-eabi/11.3.1/../../../../arm-none-eabi/lib/thumb/v7e-m+fp/hard\libc_nano.a(libc_a-impure.o)
                0x0000000020000070                _impure_ptr
 *(.RamFunc)
 *(.RamFunc*)
                0x0000000020000074                . = ALIGN (0x4)
                0x0000000020000074                _edata = .

.igot.plt       0x0000000020000074        0x0 load address 0x000000000800839c
 .igot.plt      0x0000000020000074        0x0 C:/ST/STM32CubeIDE_1.10.1/STM32CubeIDE/plugins/com.st.stm32cube.ide.mcu.externaltools.gnu-tools-for-stm32.11.3.rel1.win32_1.1.0.202305231506/tools/bin/../lib/gcc/arm-none-eabi/11.3.1/thumb/v7e-m+fp/hard/crtbegin.o
                0x0000000020000074                . = ALIGN (0x4)

.bss            0x0000000020000074     0x28c8 load address 0x000000000800839c
                0x0000000020000074                _sbss = .
                0x0000000020000074                __bss_start__ = _sbss
 *(.bss)
 .bss           0x0000000020000074       0x1c C:/ST/STM32CubeIDE_1.10.1/STM32CubeIDE/plugins/com.st.stm32cube.ide.mcu.externaltools.gnu-tools-for-stm32.11.3.rel1.win32_1.1.0.202305231506/tools/bin/../lib/gcc/arm-none-eabi/11.3.1/thumb/v7e-m+fp/hard/crtbegin.o
 *(.bss*)
 .bss.Timer1    0x0000000020000090        0x2 ./Core/Src/fatfs_sd.o
                0x0000000020000090                Timer1
 .bss.Timer2    0x0000000020000092        0x2 ./Core/Src/fatfs_sd.o
                0x0000000020000092                Timer2
 .bss.CardType  0x0000000020000094        0x1 ./Core/Src/fatfs_sd.o
 .bss.PowerFlag
                0x0000000020000095        0x1 ./Core/Src/fatfs_sd.o
 *fill*         0x0000000020000096        0x2 
 .bss.hspi1     0x0000000020000098       0x58 ./Core/Src/main.o
                0x0000000020000098                hspi1
 .bss.huart2    0x00000000200000f0       0x44 ./Core/Src/main.o
                0x00000000200000f0                huart2
 .bss.fs        0x0000000020000134     0x1038 ./Core/Src/main.o
                0x0000000020000134                fs
 .bss.fil       0x000000002000116c     0x1030 ./Core/Src/main.o
                0x000000002000116c                fil
 .bss.fres      0x000000002000219c        0x1 ./Core/Src/main.o
                0x000000002000219c                fres
 *fill*         0x000000002000219d        0x3 
 .bss.buffer    0x00000000200021a0      0x400 ./Core/Src/main.o
                0x00000000200021a0                buffer
 .bss.pfs       0x00000000200025a0        0x4 ./Core/Src/main.o
                0x00000000200025a0                pfs
 .bss.fre_clust
                0x00000000200025a4        0x4 ./Core/Src/main.o
                0x00000000200025a4                fre_clust
 .bss.totalSpace
                0x00000000200025a8        0x4 ./Core/Src/main.o
                0x00000000200025a8                totalSpace
 .bss.freeSpace
                0x00000000200025ac        0x4 ./Core/Src/main.o
                0x00000000200025ac                freeSpace
 .bss.__sbrk_heap_end
                0x00000000200025b0        0x4 ./Core/Src/sysmem.o
 .bss.uwTick    0x00000000200025b4        0x4 ./Drivers/STM32F4xx_HAL_Driver/Src/stm32f4xx_hal.o
                0x00000000200025b4                uwTick
 .bss.retUSER   0x00000000200025b8        0x1 ./FATFS/App/fatfs.o
                0x00000000200025b8                retUSER
 *fill*         0x00000000200025b9        0x3 
 .bss.USERPath  0x00000000200025bc        0x4 ./FATFS/App/fatfs.o
                0x00000000200025bc                USERPath
 .bss.FatFs     0x00000000200025c0        0x4 ./Middlewares/Third_Party/FatFs/src/ff.o
 .bss.Fsid      0x00000000200025c4        0x2 ./Middlewares/Third_Party/FatFs/src/ff.o
 *fill*         0x00000000200025c6        0x2 
 .bss.Files     0x00000000200025c8       0x20 ./Middlewares/Third_Party/FatFs/src/ff.o
 .bss.LfnBuf    0x00000000200025e8      0x200 ./Middlewares/Third_Party/FatFs/src/ff.o
 .bss.disk      0x00000000200027e8        0xc ./Middlewares/Third_Party/FatFs/src/ff_gen_drv.o
                0x00000000200027e8                disk
 .bss.__sf      0x00000000200027f4      0x138 C:/ST/STM32CubeIDE_1.10.1/STM32CubeIDE/plugins/com.st.stm32cube.ide.mcu.externaltools.gnu-tools-for-stm32.11.3.rel1.win32_1.1.0.202305231506/tools/bin/../lib/gcc/arm-none-eabi/11.3.1/../../../../arm-none-eabi/lib/thumb/v7e-m+fp/hard\libc_nano.a(libc_a-findfp.o)
                0x00000000200027f4                __sf
 .bss.errno     0x000000002000292c        0x4 C:/ST/STM32CubeIDE_1.10.1/STM32CubeIDE/plugins/com.st.stm32cube.ide.mcu.externaltools.gnu-tools-for-stm32.11.3.rel1.win32_1.1.0.202305231506/tools/bin/../lib/gcc/arm-none-eabi/11.3.1/../../../../arm-none-eabi/lib/thumb/v7e-m+fp/hard\libc_nano.a(libc_a-reent.o)
                0x000000002000292c                errno
 .bss.__lock___malloc_recursive_mutex
                0x0000000020002930        0x1 C:/ST/STM32CubeIDE_1.10.1/STM32CubeIDE/plugins/com.st.stm32cube.ide.mcu.externaltools.gnu-tools-for-stm32.11.3.rel1.win32_1.1.0.202305231506/tools/bin/../lib/gcc/arm-none-eabi/11.3.1/../../../../arm-none-eabi/lib/thumb/v7e-m+fp/hard\libc_nano.a(libc_a-lock.o)
                0x0000000020002930                __lock___malloc_recursive_mutex
 *fill*         0x0000000020002931        0x3 
 .bss.__malloc_free_list
                0x0000000020002934        0x4 C:/ST/STM32CubeIDE_1.10.1/STM32CubeIDE/plugins/com.st.stm32cube.ide.mcu.externaltools.gnu-tools-for-stm32.11.3.rel1.win32_1.1.0.202305231506/tools/bin/../lib/gcc/arm-none-eabi/11.3.1/../../../../arm-none-eabi/lib/thumb/v7e-m+fp/hard\libc_nano.a(libc_a-mallocr.o)
                0x0000000020002934                __malloc_free_list
 .bss.__malloc_sbrk_start
                0x0000000020002938        0x4 C:/ST/STM32CubeIDE_1.10.1/STM32CubeIDE/plugins/com.st.stm32cube.ide.mcu.externaltools.gnu-tools-for-stm32.11.3.rel1.win32_1.1.0.202305231506/tools/bin/../lib/gcc/arm-none-eabi/11.3.1/../../../../arm-none-eabi/lib/thumb/v7e-m+fp/hard\libc_nano.a(libc_a-mallocr.o)
                0x0000000020002938                __malloc_sbrk_start
 *(COMMON)
                0x000000002000293c                . = ALIGN (0x4)
                0x000000002000293c                _ebss = .
                0x000000002000293c                __bss_end__ = _ebss

._user_heap_stack
                0x000000002000293c      0x604 load address 0x000000000800839c
                0x0000000020002940                . = ALIGN (0x8)
 *fill*         0x000000002000293c        0x4 
                [!provide]                        PROVIDE (end = .)
                0x0000000020002940                PROVIDE (_end = .)
                0x0000000020002b40                . = (. + _Min_Heap_Size)
 *fill*         0x0000000020002940      0x200 
                0x0000000020002f40                . = (. + _Min_Stack_Size)
 *fill*         0x0000000020002b40      0x400 
                0x0000000020002f40                . = ALIGN (0x8)

/DISCARD/
 libc.a(*)
 libm.a(*)
 libgcc.a(*)

.ARM.attributes
                0x0000000000000000       0x30
 *(.ARM.attributes)
 .ARM.attributes
                0x0000000000000000       0x1e C:/ST/STM32CubeIDE_1.10.1/STM32CubeIDE/plugins/com.st.stm32cube.ide.mcu.externaltools.gnu-tools-for-stm32.11.3.rel1.win32_1.1.0.202305231506/tools/bin/../lib/gcc/arm-none-eabi/11.3.1/thumb/v7e-m+fp/hard/crti.o
 .ARM.attributes
                0x000000000000001e       0x34 C:/ST/STM32CubeIDE_1.10.1/STM32CubeIDE/plugins/com.st.stm32cube.ide.mcu.externaltools.gnu-tools-for-stm32.11.3.rel1.win32_1.1.0.202305231506/tools/bin/../lib/gcc/arm-none-eabi/11.3.1/thumb/v7e-m+fp/hard/crtbegin.o
 .ARM.attributes
                0x0000000000000052       0x34 ./Core/Src/fatfs_sd.o
 .ARM.attributes
                0x0000000000000086       0x34 ./Core/Src/main.o
 .ARM.attributes
                0x00000000000000ba       0x34 ./Core/Src/stm32f4xx_hal_msp.o
 .ARM.attributes
                0x00000000000000ee       0x34 ./Core/Src/stm32f4xx_it.o
 .ARM.attributes
                0x0000000000000122       0x34 ./Core/Src/sysmem.o
 .ARM.attributes
                0x0000000000000156       0x34 ./Core/Src/system_stm32f4xx.o
 .ARM.attributes
                0x000000000000018a       0x21 ./Core/Startup/startup_stm32f446retx.o
 .ARM.attributes
                0x00000000000001ab       0x34 ./Drivers/STM32F4xx_HAL_Driver/Src/stm32f4xx_hal.o
 .ARM.attributes
                0x00000000000001df       0x34 ./Drivers/STM32F4xx_HAL_Driver/Src/stm32f4xx_hal_cortex.o
 .ARM.attributes
                0x0000000000000213       0x34 ./Drivers/STM32F4xx_HAL_Driver/Src/stm32f4xx_hal_gpio.o
 .ARM.attributes
                0x0000000000000247       0x34 ./Drivers/STM32F4xx_HAL_Driver/Src/stm32f4xx_hal_rcc.o
 .ARM.attributes
                0x000000000000027b       0x34 ./Drivers/STM32F4xx_HAL_Driver/Src/stm32f4xx_hal_rcc_ex.o
 .ARM.attributes
                0x00000000000002af       0x34 ./Drivers/STM32F4xx_HAL_Driver/Src/stm32f4xx_hal_spi.o
 .ARM.attributes
                0x00000000000002e3       0x34 ./Drivers/STM32F4xx_HAL_Driver/Src/stm32f4xx_hal_uart.o
 .ARM.attributes
                0x0000000000000317       0x34 ./FATFS/App/fatfs.o
 .ARM.attributes
                0x000000000000034b       0x34 ./FATFS/Target/user_diskio.o
 .ARM.attributes
                0x000000000000037f       0x34 ./Middlewares/Third_Party/FatFs/src/diskio.o
 .ARM.attributes
                0x00000000000003b3       0x34 ./Middlewares/Third_Party/FatFs/src/ff.o
 .ARM.attributes
                0x00000000000003e7       0x34 ./Middlewares/Third_Party/FatFs/src/ff_gen_drv.o
 .ARM.attributes
                0x000000000000041b       0x34 ./Middlewares/Third_Party/FatFs/src/option/ccsbcs.o
 .ARM.attributes
                0x000000000000044f       0x34 C:/ST/STM32CubeIDE_1.10.1/STM32CubeIDE/plugins/com.st.stm32cube.ide.mcu.externaltools.gnu-tools-for-stm32.11.3.rel1.win32_1.1.0.202305231506/tools/bin/../lib/gcc/arm-none-eabi/11.3.1/../../../../arm-none-eabi/lib/thumb/v7e-m+fp/hard\libc_nano.a(libc_a-findfp.o)
 .ARM.attributes
                0x0000000000000483       0x34 C:/ST/STM32CubeIDE_1.10.1/STM32CubeIDE/plugins/com.st.stm32cube.ide.mcu.externaltools.gnu-tools-for-stm32.11.3.rel1.win32_1.1.0.202305231506/tools/bin/../lib/gcc/arm-none-eabi/11.3.1/../../../../arm-none-eabi/lib/thumb/v7e-m+fp/hard\libc_nano.a(libc_a-sprintf.o)
 .ARM.attributes
                0x00000000000004b7       0x34 C:/ST/STM32CubeIDE_1.10.1/STM32CubeIDE/plugins/com.st.stm32cube.ide.mcu.externaltools.gnu-tools-for-stm32.11.3.rel1.win32_1.1.0.202305231506/tools/bin/../lib/gcc/arm-none-eabi/11.3.1/../../../../arm-none-eabi/lib/thumb/v7e-m+fp/hard\libc_nano.a(libc_a-memset.o)
 .ARM.attributes
                0x00000000000004eb       0x34 C:/ST/STM32CubeIDE_1.10.1/STM32CubeIDE/plugins/com.st.stm32cube.ide.mcu.externaltools.gnu-tools-for-stm32.11.3.rel1.win32_1.1.0.202305231506/tools/bin/../lib/gcc/arm-none-eabi/11.3.1/../../../../arm-none-eabi/lib/thumb/v7e-m+fp/hard\libc_nano.a(libc_a-reent.o)
 .ARM.attributes
                0x000000000000051f       0x34 C:/ST/STM32CubeIDE_1.10.1/STM32CubeIDE/plugins/com.st.stm32cube.ide.mcu.externaltools.gnu-tools-for-stm32.11.3.rel1.win32_1.1.0.202305231506/tools/bin/../lib/gcc/arm-none-eabi/11.3.1/../../../../arm-none-eabi/lib/thumb/v7e-m+fp/hard\libc_nano.a(libc_a-impure.o)
 .ARM.attributes
                0x0000000000000553       0x34 C:/ST/STM32CubeIDE_1.10.1/STM32CubeIDE/plugins/com.st.stm32cube.ide.mcu.externaltools.gnu-tools-for-stm32.11.3.rel1.win32_1.1.0.202305231506/tools/bin/../lib/gcc/arm-none-eabi/11.3.1/../../../../arm-none-eabi/lib/thumb/v7e-m+fp/hard\libc_nano.a(libc_a-errno.o)
 .ARM.attributes
                0x0000000000000587       0x34 C:/ST/STM32CubeIDE_1.10.1/STM32CubeIDE/plugins/com.st.stm32cube.ide.mcu.externaltools.gnu-tools-for-stm32.11.3.rel1.win32_1.1.0.202305231506/tools/bin/../lib/gcc/arm-none-eabi/11.3.1/../../../../arm-none-eabi/lib/thumb/v7e-m+fp/hard\libc_nano.a(libc_a-init.o)
 .ARM.attributes
                0x00000000000005bb       0x34 C:/ST/STM32CubeIDE_1.10.1/STM32CubeIDE/plugins/com.st.stm32cube.ide.mcu.externaltools.gnu-tools-for-stm32.11.3.rel1.win32_1.1.0.202305231506/tools/bin/../lib/gcc/arm-none-eabi/11.3.1/../../../../arm-none-eabi/lib/thumb/v7e-m+fp/hard\libc_nano.a(libc_a-lock.o)
 .ARM.attributes
                0x00000000000005ef       0x17 C:/ST/STM32CubeIDE_1.10.1/STM32CubeIDE/plugins/com.st.stm32cube.ide.mcu.externaltools.gnu-tools-for-stm32.11.3.rel1.win32_1.1.0.202305231506/tools/bin/../lib/gcc/arm-none-eabi/11.3.1/../../../../arm-none-eabi/lib/thumb/v7e-m+fp/hard\libc_nano.a(libc_a-strlen.o)
 .ARM.attributes
                0x0000000000000606       0x34 C:/ST/STM32CubeIDE_1.10.1/STM32CubeIDE/plugins/com.st.stm32cube.ide.mcu.externaltools.gnu-tools-for-stm32.11.3.rel1.win32_1.1.0.202305231506/tools/bin/../lib/gcc/arm-none-eabi/11.3.1/../../../../arm-none-eabi/lib/thumb/v7e-m+fp/hard\libc_nano.a(libc_a-freer.o)
 .ARM.attributes
                0x000000000000063a       0x34 C:/ST/STM32CubeIDE_1.10.1/STM32CubeIDE/plugins/com.st.stm32cube.ide.mcu.externaltools.gnu-tools-for-stm32.11.3.rel1.win32_1.1.0.202305231506/tools/bin/../lib/gcc/arm-none-eabi/11.3.1/../../../../arm-none-eabi/lib/thumb/v7e-m+fp/hard\libc_nano.a(libc_a-mallocr.o)
 .ARM.attributes
                0x000000000000066e       0x34 C:/ST/STM32CubeIDE_1.10.1/STM32CubeIDE/plugins/com.st.stm32cube.ide.mcu.externaltools.gnu-tools-for-stm32.11.3.rel1.win32_1.1.0.202305231506/tools/bin/../lib/gcc/arm-none-eabi/11.3.1/../../../../arm-none-eabi/lib/thumb/v7e-m+fp/hard\libc_nano.a(libc_a-mlock.o)
 .ARM.attributes
                0x00000000000006a2       0x34 C:/ST/STM32CubeIDE_1.10.1/STM32CubeIDE/plugins/com.st.stm32cube.ide.mcu.externaltools.gnu-tools-for-stm32.11.3.rel1.win32_1.1.0.202305231506/tools/bin/../lib/gcc/arm-none-eabi/11.3.1/../../../../arm-none-eabi/lib/thumb/v7e-m+fp/hard\libc_nano.a(libc_a-nano-svfprintf.o)
 .ARM.attributes
                0x00000000000006d6       0x34 C:/ST/STM32CubeIDE_1.10.1/STM32CubeIDE/plugins/com.st.stm32cube.ide.mcu.externaltools.gnu-tools-for-stm32.11.3.rel1.win32_1.1.0.202305231506/tools/bin/../lib/gcc/arm-none-eabi/11.3.1/../../../../arm-none-eabi/lib/thumb/v7e-m+fp/hard\libc_nano.a(libc_a-nano-vfprintf_i.o)
 .ARM.attributes
                0x000000000000070a       0x34 C:/ST/STM32CubeIDE_1.10.1/STM32CubeIDE/plugins/com.st.stm32cube.ide.mcu.externaltools.gnu-tools-for-stm32.11.3.rel1.win32_1.1.0.202305231506/tools/bin/../lib/gcc/arm-none-eabi/11.3.1/../../../../arm-none-eabi/lib/thumb/v7e-m+fp/hard\libc_nano.a(libc_a-memmove.o)
 .ARM.attributes
                0x000000000000073e       0x34 C:/ST/STM32CubeIDE_1.10.1/STM32CubeIDE/plugins/com.st.stm32cube.ide.mcu.externaltools.gnu-tools-for-stm32.11.3.rel1.win32_1.1.0.202305231506/tools/bin/../lib/gcc/arm-none-eabi/11.3.1/../../../../arm-none-eabi/lib/thumb/v7e-m+fp/hard\libc_nano.a(libc_a-sbrkr.o)
 .ARM.attributes
                0x0000000000000772       0x1c C:/ST/STM32CubeIDE_1.10.1/STM32CubeIDE/plugins/com.st.stm32cube.ide.mcu.externaltools.gnu-tools-for-stm32.11.3.rel1.win32_1.1.0.202305231506/tools/bin/../lib/gcc/arm-none-eabi/11.3.1/../../../../arm-none-eabi/lib/thumb/v7e-m+fp/hard\libc_nano.a(libc_a-memchr.o)
 .ARM.attributes
                0x000000000000078e       0x34 C:/ST/STM32CubeIDE_1.10.1/STM32CubeIDE/plugins/com.st.stm32cube.ide.mcu.externaltools.gnu-tools-for-stm32.11.3.rel1.win32_1.1.0.202305231506/tools/bin/../lib/gcc/arm-none-eabi/11.3.1/../../../../arm-none-eabi/lib/thumb/v7e-m+fp/hard\libc_nano.a(libc_a-memcpy-stub.o)
 .ARM.attributes
                0x00000000000007c2       0x34 C:/ST/STM32CubeIDE_1.10.1/STM32CubeIDE/plugins/com.st.stm32cube.ide.mcu.externaltools.gnu-tools-for-stm32.11.3.rel1.win32_1.1.0.202305231506/tools/bin/../lib/gcc/arm-none-eabi/11.3.1/../../../../arm-none-eabi/lib/thumb/v7e-m+fp/hard\libc_nano.a(libc_a-reallocr.o)
 .ARM.attributes
                0x00000000000007f6       0x34 C:/ST/STM32CubeIDE_1.10.1/STM32CubeIDE/plugins/com.st.stm32cube.ide.mcu.externaltools.gnu-tools-for-stm32.11.3.rel1.win32_1.1.0.202305231506/tools/bin/../lib/gcc/arm-none-eabi/11.3.1/../../../../arm-none-eabi/lib/thumb/v7e-m+fp/hard\libc_nano.a(libc_a-msizer.o)
 .ARM.attributes
                0x000000000000082a       0x1e C:/ST/STM32CubeIDE_1.10.1/STM32CubeIDE/plugins/com.st.stm32cube.ide.mcu.externaltools.gnu-tools-for-stm32.11.3.rel1.win32_1.1.0.202305231506/tools/bin/../lib/gcc/arm-none-eabi/11.3.1/thumb/v7e-m+fp/hard\libgcc.a(_arm_muldf3.o)
 .ARM.attributes
                0x0000000000000848       0x1e C:/ST/STM32CubeIDE_1.10.1/STM32CubeIDE/plugins/com.st.stm32cube.ide.mcu.externaltools.gnu-tools-for-stm32.11.3.rel1.win32_1.1.0.202305231506/tools/bin/../lib/gcc/arm-none-eabi/11.3.1/thumb/v7e-m+fp/hard\libgcc.a(_arm_addsubdf3.o)
 .ARM.attributes
                0x0000000000000866       0x1e C:/ST/STM32CubeIDE_1.10.1/STM32CubeIDE/plugins/com.st.stm32cube.ide.mcu.externaltools.gnu-tools-for-stm32.11.3.rel1.win32_1.1.0.202305231506/tools/bin/../lib/gcc/arm-none-eabi/11.3.1/thumb/v7e-m+fp/hard\libgcc.a(_arm_fixunsdfsi.o)
 .ARM.attributes
                0x0000000000000884       0x1e C:/ST/STM32CubeIDE_1.10.1/STM32CubeIDE/plugins/com.st.stm32cube.ide.mcu.externaltools.gnu-tools-for-stm32.11.3.rel1.win32_1.1.0.202305231506/tools/bin/../lib/gcc/arm-none-eabi/11.3.1/thumb/v7e-m+fp/hard\libgcc.a(_aeabi_uldivmod.o)
 .ARM.attributes
                0x00000000000008a2       0x34 C:/ST/STM32CubeIDE_1.10.1/STM32CubeIDE/plugins/com.st.stm32cube.ide.mcu.externaltools.gnu-tools-for-stm32.11.3.rel1.win32_1.1.0.202305231506/tools/bin/../lib/gcc/arm-none-eabi/11.3.1/thumb/v7e-m+fp/hard\libgcc.a(_udivmoddi4.o)
 .ARM.attributes
                0x00000000000008d6       0x1e C:/ST/STM32CubeIDE_1.10.1/STM32CubeIDE/plugins/com.st.stm32cube.ide.mcu.externaltools.gnu-tools-for-stm32.11.3.rel1.win32_1.1.0.202305231506/tools/bin/../lib/gcc/arm-none-eabi/11.3.1/thumb/v7e-m+fp/hard\libgcc.a(_dvmd_tls.o)
 .ARM.attributes
                0x00000000000008f4       0x1e C:/ST/STM32CubeIDE_1.10.1/STM32CubeIDE/plugins/com.st.stm32cube.ide.mcu.externaltools.gnu-tools-for-stm32.11.3.rel1.win32_1.1.0.202305231506/tools/bin/../lib/gcc/arm-none-eabi/11.3.1/thumb/v7e-m+fp/hard/crtn.o
OUTPUT(DataloggerSDCard.elf elf32-littlearm)
LOAD linker stubs
LOAD C:/ST/STM32CubeIDE_1.10.1/STM32CubeIDE/plugins/com.st.stm32cube.ide.mcu.externaltools.gnu-tools-for-stm32.11.3.rel1.win32_1.1.0.202305231506/tools/bin/../lib/gcc/arm-none-eabi/11.3.1/../../../../arm-none-eabi/lib/thumb/v7e-m+fp/hard\libc.a
LOAD C:/ST/STM32CubeIDE_1.10.1/STM32CubeIDE/plugins/com.st.stm32cube.ide.mcu.externaltools.gnu-tools-for-stm32.11.3.rel1.win32_1.1.0.202305231506/tools/bin/../lib/gcc/arm-none-eabi/11.3.1/../../../../arm-none-eabi/lib/thumb/v7e-m+fp/hard\libm.a
LOAD C:/ST/STM32CubeIDE_1.10.1/STM32CubeIDE/plugins/com.st.stm32cube.ide.mcu.externaltools.gnu-tools-for-stm32.11.3.rel1.win32_1.1.0.202305231506/tools/bin/../lib/gcc/arm-none-eabi/11.3.1/thumb/v7e-m+fp/hard\libgcc.a

.comment        0x0000000000000000       0x43
 .comment       0x0000000000000000       0x43 C:/ST/STM32CubeIDE_1.10.1/STM32CubeIDE/plugins/com.st.stm32cube.ide.mcu.externaltools.gnu-tools-for-stm32.11.3.rel1.win32_1.1.0.202305231506/tools/bin/../lib/gcc/arm-none-eabi/11.3.1/thumb/v7e-m+fp/hard/crtbegin.o
                                         0x44 (size before relaxing)
 .comment       0x0000000000000043       0x44 ./Core/Src/fatfs_sd.o
 .comment       0x0000000000000043       0x44 ./Core/Src/main.o
 .comment       0x0000000000000043       0x44 ./Core/Src/stm32f4xx_hal_msp.o
 .comment       0x0000000000000043       0x44 ./Core/Src/stm32f4xx_it.o
 .comment       0x0000000000000043       0x44 ./Core/Src/sysmem.o
 .comment       0x0000000000000043       0x44 ./Core/Src/system_stm32f4xx.o
 .comment       0x0000000000000043       0x44 ./Drivers/STM32F4xx_HAL_Driver/Src/stm32f4xx_hal.o
 .comment       0x0000000000000043       0x44 ./Drivers/STM32F4xx_HAL_Driver/Src/stm32f4xx_hal_cortex.o
 .comment       0x0000000000000043       0x44 ./Drivers/STM32F4xx_HAL_Driver/Src/stm32f4xx_hal_gpio.o
 .comment       0x0000000000000043       0x44 ./Drivers/STM32F4xx_HAL_Driver/Src/stm32f4xx_hal_rcc.o
 .comment       0x0000000000000043       0x44 ./Drivers/STM32F4xx_HAL_Driver/Src/stm32f4xx_hal_rcc_ex.o
 .comment       0x0000000000000043       0x44 ./Drivers/STM32F4xx_HAL_Driver/Src/stm32f4xx_hal_spi.o
 .comment       0x0000000000000043       0x44 ./Drivers/STM32F4xx_HAL_Driver/Src/stm32f4xx_hal_uart.o
 .comment       0x0000000000000043       0x44 ./FATFS/App/fatfs.o
 .comment       0x0000000000000043       0x44 ./FATFS/Target/user_diskio.o
 .comment       0x0000000000000043       0x44 ./Middlewares/Third_Party/FatFs/src/diskio.o
 .comment       0x0000000000000043       0x44 ./Middlewares/Third_Party/FatFs/src/ff.o
 .comment       0x0000000000000043       0x44 ./Middlewares/Third_Party/FatFs/src/ff_gen_drv.o
 .comment       0x0000000000000043       0x44 ./Middlewares/Third_Party/FatFs/src/option/ccsbcs.o

.debug_info     0x0000000000000000     0xe22f
 .debug_info    0x0000000000000000      0xc35 ./Core/Src/fatfs_sd.o
 .debug_info    0x0000000000000c35     0x1446 ./Core/Src/main.o
 .debug_info    0x000000000000207b      0xbeb ./Core/Src/stm32f4xx_hal_msp.o
 .debug_info    0x0000000000002c66      0x13e ./Core/Src/stm32f4xx_it.o
 .debug_info    0x0000000000002da4      0x168 ./Core/Src/sysmem.o
 .debug_info    0x0000000000002f0c      0x54a ./Core/Src/system_stm32f4xx.o
 .debug_info    0x0000000000003456       0x23 ./Core/Startup/startup_stm32f446retx.o
 .debug_info    0x0000000000003479      0x99e ./Drivers/STM32F4xx_HAL_Driver/Src/stm32f4xx_hal.o
 .debug_info    0x0000000000003e17      0xd64 ./Drivers/STM32F4xx_HAL_Driver/Src/stm32f4xx_hal_cortex.o
 .debug_info    0x0000000000004b7b      0x70b ./Drivers/STM32F4xx_HAL_Driver/Src/stm32f4xx_hal_gpio.o
 .debug_info    0x0000000000005286      0x8ed ./Drivers/STM32F4xx_HAL_Driver/Src/stm32f4xx_hal_rcc.o
 .debug_info    0x0000000000005b73      0x956 ./Drivers/STM32F4xx_HAL_Driver/Src/stm32f4xx_hal_rcc_ex.o
 .debug_info    0x00000000000064c9     0x15fb ./Drivers/STM32F4xx_HAL_Driver/Src/stm32f4xx_hal_spi.o
 .debug_info    0x0000000000007ac4     0x2fb8 ./Drivers/STM32F4xx_HAL_Driver/Src/stm32f4xx_hal_uart.o
 .debug_info    0x000000000000aa7c      0x508 ./FATFS/App/fatfs.o
 .debug_info    0x000000000000af84      0x3a5 ./FATFS/Target/user_diskio.o
 .debug_info    0x000000000000b329      0x3df ./Middlewares/Third_Party/FatFs/src/diskio.o
 .debug_info    0x000000000000b708     0x25ef ./Middlewares/Third_Party/FatFs/src/ff.o
 .debug_info    0x000000000000dcf7      0x37f ./Middlewares/Third_Party/FatFs/src/ff_gen_drv.o
 .debug_info    0x000000000000e076      0x1b9 ./Middlewares/Third_Party/FatFs/src/option/ccsbcs.o

.debug_abbrev   0x0000000000000000     0x2510
 .debug_abbrev  0x0000000000000000      0x2ee ./Core/Src/fatfs_sd.o
 .debug_abbrev  0x00000000000002ee      0x36b ./Core/Src/main.o
 .debug_abbrev  0x0000000000000659      0x1ae ./Core/Src/stm32f4xx_hal_msp.o
 .debug_abbrev  0x0000000000000807       0x97 ./Core/Src/stm32f4xx_it.o
 .debug_abbrev  0x000000000000089e       0xbc ./Core/Src/sysmem.o
 .debug_abbrev  0x000000000000095a      0x11a ./Core/Src/system_stm32f4xx.o
 .debug_abbrev  0x0000000000000a74       0x12 ./Core/Startup/startup_stm32f446retx.o
 .debug_abbrev  0x0000000000000a86      0x213 ./Drivers/STM32F4xx_HAL_Driver/Src/stm32f4xx_hal.o
 .debug_abbrev  0x0000000000000c99      0x327 ./Drivers/STM32F4xx_HAL_Driver/Src/stm32f4xx_hal_cortex.o
 .debug_abbrev  0x0000000000000fc0      0x1d4 ./Drivers/STM32F4xx_HAL_Driver/Src/stm32f4xx_hal_gpio.o
 .debug_abbrev  0x0000000000001194      0x2b6 ./Drivers/STM32F4xx_HAL_Driver/Src/stm32f4xx_hal_rcc.o
 .debug_abbrev  0x000000000000144a      0x20a ./Drivers/STM32F4xx_HAL_Driver/Src/stm32f4xx_hal_rcc_ex.o
 .debug_abbrev  0x0000000000001654      0x284 ./Drivers/STM32F4xx_HAL_Driver/Src/stm32f4xx_hal_spi.o
 .debug_abbrev  0x00000000000018d8      0x30e ./Drivers/STM32F4xx_HAL_Driver/Src/stm32f4xx_hal_uart.o
 .debug_abbrev  0x0000000000001be6      0x15e ./FATFS/App/fatfs.o
 .debug_abbrev  0x0000000000001d44      0x144 ./FATFS/Target/user_diskio.o
 .debug_abbrev  0x0000000000001e88      0x181 ./Middlewares/Third_Party/FatFs/src/diskio.o
 .debug_abbrev  0x0000000000002009      0x28a ./Middlewares/Third_Party/FatFs/src/ff.o
 .debug_abbrev  0x0000000000002293      0x19f ./Middlewares/Third_Party/FatFs/src/ff_gen_drv.o
 .debug_abbrev  0x0000000000002432       0xde ./Middlewares/Third_Party/FatFs/src/option/ccsbcs.o

.debug_aranges  0x0000000000000000      0xc90
 .debug_aranges
                0x0000000000000000       0xa8 ./Core/Src/fatfs_sd.o
 .debug_aranges
                0x00000000000000a8       0x60 ./Core/Src/main.o
 .debug_aranges
                0x0000000000000108       0x40 ./Core/Src/stm32f4xx_hal_msp.o
 .debug_aranges
                0x0000000000000148       0x60 ./Core/Src/stm32f4xx_it.o
 .debug_aranges
                0x00000000000001a8       0x20 ./Core/Src/sysmem.o
 .debug_aranges
                0x00000000000001c8       0x28 ./Core/Src/system_stm32f4xx.o
 .debug_aranges
                0x00000000000001f0       0x28 ./Core/Startup/startup_stm32f446retx.o
 .debug_aranges
                0x0000000000000218       0xf0 ./Drivers/STM32F4xx_HAL_Driver/Src/stm32f4xx_hal.o
 .debug_aranges
                0x0000000000000308      0x118 ./Drivers/STM32F4xx_HAL_Driver/Src/stm32f4xx_hal_cortex.o
 .debug_aranges
                0x0000000000000420       0x58 ./Drivers/STM32F4xx_HAL_Driver/Src/stm32f4xx_hal_gpio.o
 .debug_aranges
                0x0000000000000478       0x88 ./Drivers/STM32F4xx_HAL_Driver/Src/stm32f4xx_hal_rcc.o
 .debug_aranges
                0x0000000000000500       0x78 ./Drivers/STM32F4xx_HAL_Driver/Src/stm32f4xx_hal_rcc_ex.o
 .debug_aranges
                0x0000000000000578      0x1d0 ./Drivers/STM32F4xx_HAL_Driver/Src/stm32f4xx_hal_spi.o
 .debug_aranges
                0x0000000000000748      0x200 ./Drivers/STM32F4xx_HAL_Driver/Src/stm32f4xx_hal_uart.o
 .debug_aranges
                0x0000000000000948       0x28 ./FATFS/App/fatfs.o
 .debug_aranges
                0x0000000000000970       0x40 ./FATFS/Target/user_diskio.o
 .debug_aranges
                0x00000000000009b0       0x48 ./Middlewares/Third_Party/FatFs/src/diskio.o
 .debug_aranges
                0x00000000000009f8      0x230 ./Middlewares/Third_Party/FatFs/src/ff.o
 .debug_aranges
                0x0000000000000c28       0x40 ./Middlewares/Third_Party/FatFs/src/ff_gen_drv.o
 .debug_aranges
                0x0000000000000c68       0x28 ./Middlewares/Third_Party/FatFs/src/option/ccsbcs.o

.debug_rnglists
                0x0000000000000000      0x9a3
 .debug_rnglists
                0x0000000000000000       0x80 ./Core/Src/fatfs_sd.o
 .debug_rnglists
                0x0000000000000080       0x46 ./Core/Src/main.o
 .debug_rnglists
                0x00000000000000c6       0x2d ./Core/Src/stm32f4xx_hal_msp.o
 .debug_rnglists
                0x00000000000000f3       0x43 ./Core/Src/stm32f4xx_it.o
 .debug_rnglists
                0x0000000000000136       0x13 ./Core/Src/sysmem.o
 .debug_rnglists
                0x0000000000000149       0x1a ./Core/Src/system_stm32f4xx.o
 .debug_rnglists
                0x0000000000000163       0x19 ./Core/Startup/startup_stm32f446retx.o
 .debug_rnglists
                0x000000000000017c       0xaf ./Drivers/STM32F4xx_HAL_Driver/Src/stm32f4xx_hal.o
 .debug_rnglists
                0x000000000000022b       0xce ./Drivers/STM32F4xx_HAL_Driver/Src/stm32f4xx_hal_cortex.o
 .debug_rnglists
                0x00000000000002f9       0x3f ./Drivers/STM32F4xx_HAL_Driver/Src/stm32f4xx_hal_gpio.o
 .debug_rnglists
                0x0000000000000338       0x66 ./Drivers/STM32F4xx_HAL_Driver/Src/stm32f4xx_hal_rcc.o
 .debug_rnglists
                0x000000000000039e       0x5e ./Drivers/STM32F4xx_HAL_Driver/Src/stm32f4xx_hal_rcc_ex.o
 .debug_rnglists
                0x00000000000003fc      0x16f ./Drivers/STM32F4xx_HAL_Driver/Src/stm32f4xx_hal_spi.o
 .debug_rnglists
                0x000000000000056b      0x1b7 ./Drivers/STM32F4xx_HAL_Driver/Src/stm32f4xx_hal_uart.o
 .debug_rnglists
                0x0000000000000722       0x19 ./FATFS/App/fatfs.o
 .debug_rnglists
                0x000000000000073b       0x2b ./FATFS/Target/user_diskio.o
 .debug_rnglists
                0x0000000000000766       0x31 ./Middlewares/Third_Party/FatFs/src/diskio.o
 .debug_rnglists
                0x0000000000000797      0x1c6 ./Middlewares/Third_Party/FatFs/src/ff.o
 .debug_rnglists
                0x000000000000095d       0x2c ./Middlewares/Third_Party/FatFs/src/ff_gen_drv.o
 .debug_rnglists
                0x0000000000000989       0x1a ./Middlewares/Third_Party/FatFs/src/option/ccsbcs.o

.debug_macro    0x0000000000000000    0x230bb
 .debug_macro   0x0000000000000000      0x1f7 ./Core/Src/fatfs_sd.o
 .debug_macro   0x00000000000001f7      0xaa8 ./Core/Src/fatfs_sd.o
 .debug_macro   0x0000000000000c9f      0x29b ./Core/Src/fatfs_sd.o
 .debug_macro   0x0000000000000f3a       0x2e ./Core/Src/fatfs_sd.o
 .debug_macro   0x0000000000000f68       0x28 ./Core/Src/fatfs_sd.o
 .debug_macro   0x0000000000000f90       0x22 ./Core/Src/fatfs_sd.o
 .debug_macro   0x0000000000000fb2       0x8e ./Core/Src/fatfs_sd.o
 .debug_macro   0x0000000000001040       0x51 ./Core/Src/fatfs_sd.o
 .debug_macro   0x0000000000001091      0x103 ./Core/Src/fatfs_sd.o
 .debug_macro   0x0000000000001194       0x6a ./Core/Src/fatfs_sd.o
 .debug_macro   0x00000000000011fe      0x1df ./Core/Src/fatfs_sd.o
 .debug_macro   0x00000000000013dd       0x1c ./Core/Src/fatfs_sd.o
 .debug_macro   0x00000000000013f9       0x22 ./Core/Src/fatfs_sd.o
 .debug_macro   0x000000000000141b       0xd9 ./Core/Src/fatfs_sd.o
 .debug_macro   0x00000000000014f4     0x102d ./Core/Src/fatfs_sd.o
 .debug_macro   0x0000000000002521      0x11f ./Core/Src/fatfs_sd.o
 .debug_macro   0x0000000000002640    0x16749 ./Core/Src/fatfs_sd.o
 .debug_macro   0x0000000000018d89       0x6d ./Core/Src/fatfs_sd.o
 .debug_macro   0x0000000000018df6     0x367e ./Core/Src/fatfs_sd.o
 .debug_macro   0x000000000001c474      0x174 ./Core/Src/fatfs_sd.o
 .debug_macro   0x000000000001c5e8       0x5c ./Core/Src/fatfs_sd.o
 .debug_macro   0x000000000001c644      0xc90 ./Core/Src/fatfs_sd.o
 .debug_macro   0x000000000001d2d4      0x9fe ./Core/Src/fatfs_sd.o
 .debug_macro   0x000000000001dcd2      0x115 ./Core/Src/fatfs_sd.o
 .debug_macro   0x000000000001dde7      0x1a0 ./Core/Src/fatfs_sd.o
 .debug_macro   0x000000000001df87       0xa5 ./Core/Src/fatfs_sd.o
 .debug_macro   0x000000000001e02c      0x16d ./Core/Src/fatfs_sd.o
 .debug_macro   0x000000000001e199      0x287 ./Core/Src/fatfs_sd.o
 .debug_macro   0x000000000001e420       0x5f ./Core/Src/fatfs_sd.o
 .debug_macro   0x000000000001e47f      0x236 ./Core/Src/fatfs_sd.o
 .debug_macro   0x000000000001e6b5      0x132 ./Core/Src/fatfs_sd.o
 .debug_macro   0x000000000001e7e7      0x29c ./Core/Src/fatfs_sd.o
 .debug_macro   0x000000000001ea83       0x2e ./Core/Src/fatfs_sd.o
 .debug_macro   0x000000000001eab1      0x11a ./Core/Src/fatfs_sd.o
 .debug_macro   0x000000000001ebcb       0xe8 ./Core/Src/fatfs_sd.o
 .debug_macro   0x000000000001ecb3       0x89 ./Core/Src/fatfs_sd.o
 .debug_macro   0x000000000001ed3c      0x225 ./Core/Src/fatfs_sd.o
 .debug_macro   0x000000000001ef61      0x295 ./Core/Src/fatfs_sd.o
 .debug_macro   0x000000000001f1f6      0x126 ./Core/Src/fatfs_sd.o
 .debug_macro   0x000000000001f31c       0x16 ./Core/Src/fatfs_sd.o
 .debug_macro   0x000000000001f332       0x7c ./Core/Src/fatfs_sd.o
 .debug_macro   0x000000000001f3ae       0x9a ./Core/Src/fatfs_sd.o
 .debug_macro   0x000000000001f448      0x35a ./Core/Src/main.o
 .debug_macro   0x000000000001f7a2       0xeb ./Core/Src/main.o
 .debug_macro   0x000000000001f88d       0x2a ./Core/Src/main.o
 .debug_macro   0x000000000001f8b7       0x61 ./Core/Src/main.o
 .debug_macro   0x000000000001f918       0x43 ./Core/Src/main.o
 .debug_macro   0x000000000001f95b       0x34 ./Core/Src/main.o
 .debug_macro   0x000000000001f98f       0x16 ./Core/Src/main.o
 .debug_macro   0x000000000001f9a5       0x35 ./Core/Src/main.o
 .debug_macro   0x000000000001f9da       0x16 ./Core/Src/main.o
 .debug_macro   0x000000000001f9f0       0x43 ./Core/Src/main.o
 .debug_macro   0x000000000001fa33       0x34 ./Core/Src/main.o
 .debug_macro   0x000000000001fa67       0x10 ./Core/Src/main.o
 .debug_macro   0x000000000001fa77       0x58 ./Core/Src/main.o
 .debug_macro   0x000000000001facf       0x8e ./Core/Src/main.o
 .debug_macro   0x000000000001fb5d       0x1c ./Core/Src/main.o
 .debug_macro   0x000000000001fb79      0x177 ./Core/Src/main.o
 .debug_macro   0x000000000001fcf0      0x369 ./Core/Src/main.o
 .debug_macro   0x0000000000020059       0x16 ./Core/Src/main.o
 .debug_macro   0x000000000002006f       0x29 ./Core/Src/main.o
 .debug_macro   0x0000000000020098       0x12 ./Core/Src/main.o
 .debug_macro   0x00000000000200aa       0xe2 ./Core/Src/main.o
 .debug_macro   0x000000000002018c       0x8e ./Core/Src/main.o
 .debug_macro   0x000000000002021a       0x16 ./Core/Src/main.o
 .debug_macro   0x0000000000020230       0x20 ./Core/Src/main.o
 .debug_macro   0x0000000000020250       0x1c ./Core/Src/main.o
 .debug_macro   0x000000000002026c       0x10 ./Core/Src/main.o
 .debug_macro   0x000000000002027c       0x1c ./Core/Src/main.o
 .debug_macro   0x0000000000020298       0x16 ./Core/Src/main.o
 .debug_macro   0x00000000000202ae      0x147 ./Core/Src/main.o
 .debug_macro   0x00000000000203f5      0x1ce ./Core/Src/stm32f4xx_hal_msp.o
 .debug_macro   0x00000000000205c3      0x1d8 ./Core/Src/stm32f4xx_it.o
 .debug_macro   0x000000000002079b       0xff ./Core/Src/sysmem.o
 .debug_macro   0x000000000002089a      0x23c ./Core/Src/sysmem.o
 .debug_macro   0x0000000000020ad6      0x1c4 ./Core/Src/system_stm32f4xx.o
 .debug_macro   0x0000000000020c9a      0x224 ./Drivers/STM32F4xx_HAL_Driver/Src/stm32f4xx_hal.o
 .debug_macro   0x0000000000020ebe      0x1c4 ./Drivers/STM32F4xx_HAL_Driver/Src/stm32f4xx_hal_cortex.o
 .debug_macro   0x0000000000021082      0x1ca ./Drivers/STM32F4xx_HAL_Driver/Src/stm32f4xx_hal_gpio.o
 .debug_macro   0x000000000002124c      0x1e8 ./Drivers/STM32F4xx_HAL_Driver/Src/stm32f4xx_hal_rcc.o
 .debug_macro   0x0000000000021434      0x1c4 ./Drivers/STM32F4xx_HAL_Driver/Src/stm32f4xx_hal_rcc_ex.o
 .debug_macro   0x00000000000215f8      0x1d3 ./Drivers/STM32F4xx_HAL_Driver/Src/stm32f4xx_hal_spi.o
 .debug_macro   0x00000000000217cb      0x1c5 ./Drivers/STM32F4xx_HAL_Driver/Src/stm32f4xx_hal_uart.o
 .debug_macro   0x0000000000021990      0x2f3 ./FATFS/App/fatfs.o
 .debug_macro   0x0000000000021c83       0xe5 ./FATFS/App/fatfs.o
 .debug_macro   0x0000000000021d68      0x319 ./FATFS/Target/user_diskio.o
 .debug_macro   0x0000000000022081       0x10 ./FATFS/Target/user_diskio.o
 .debug_macro   0x0000000000022091       0x56 ./FATFS/Target/user_diskio.o
 .debug_macro   0x00000000000220e7      0x2e0 ./Middlewares/Third_Party/FatFs/src/diskio.o
 .debug_macro   0x00000000000223c7      0x6ee ./Middlewares/Third_Party/FatFs/src/ff.o
 .debug_macro   0x0000000000022ab5       0x58 ./Middlewares/Third_Party/FatFs/src/ff.o
 .debug_macro   0x0000000000022b0d      0x2e0 ./Middlewares/Third_Party/FatFs/src/ff_gen_drv.o
 .debug_macro   0x0000000000022ded      0x2ce ./Middlewares/Third_Party/FatFs/src/option/ccsbcs.o

.debug_line     0x0000000000000000    0x12fce
 .debug_line    0x0000000000000000      0xe3f ./Core/Src/fatfs_sd.o
 .debug_line    0x0000000000000e3f      0xba0 ./Core/Src/main.o
 .debug_line    0x00000000000019df      0x7c7 ./Core/Src/stm32f4xx_hal_msp.o
 .debug_line    0x00000000000021a6      0x7fb ./Core/Src/stm32f4xx_it.o
 .debug_line    0x00000000000029a1      0x579 ./Core/Src/sysmem.o
 .debug_line    0x0000000000002f1a      0x7ae ./Core/Src/system_stm32f4xx.o
 .debug_line    0x00000000000036c8       0x7a ./Core/Startup/startup_stm32f446retx.o
 .debug_line    0x0000000000003742      0xa14 ./Drivers/STM32F4xx_HAL_Driver/Src/stm32f4xx_hal.o
 .debug_line    0x0000000000004156      0xcc3 ./Drivers/STM32F4xx_HAL_Driver/Src/stm32f4xx_hal_cortex.o
 .debug_line    0x0000000000004e19      0xb74 ./Drivers/STM32F4xx_HAL_Driver/Src/stm32f4xx_hal_gpio.o
 .debug_line    0x000000000000598d      0xd99 ./Drivers/STM32F4xx_HAL_Driver/Src/stm32f4xx_hal_rcc.o
 .debug_line    0x0000000000006726     0x1432 ./Drivers/STM32F4xx_HAL_Driver/Src/stm32f4xx_hal_rcc_ex.o
 .debug_line    0x0000000000007b58     0x1ca5 ./Drivers/STM32F4xx_HAL_Driver/Src/stm32f4xx_hal_spi.o
 .debug_line    0x00000000000097fd     0x2ab6 ./Drivers/STM32F4xx_HAL_Driver/Src/stm32f4xx_hal_uart.o
 .debug_line    0x000000000000c2b3      0x91b ./FATFS/App/fatfs.o
 .debug_line    0x000000000000cbce      0x97f ./FATFS/Target/user_diskio.o
 .debug_line    0x000000000000d54d      0x98a ./Middlewares/Third_Party/FatFs/src/diskio.o
 .debug_line    0x000000000000ded7     0x3d65 ./Middlewares/Third_Party/FatFs/src/ff.o
 .debug_line    0x0000000000011c3c      0x9a8 ./Middlewares/Third_Party/FatFs/src/ff_gen_drv.o
 .debug_line    0x00000000000125e4      0x9ea ./Middlewares/Third_Party/FatFs/src/option/ccsbcs.o

.debug_str      0x0000000000000000    0xcba00
 .debug_str     0x0000000000000000    0xc3b5f ./Core/Src/fatfs_sd.o
                                      0xc3e7c (size before relaxing)
 .debug_str     0x00000000000c3b5f     0x4477 ./Core/Src/main.o
                                      0xc8170 (size before relaxing)
 .debug_str     0x00000000000c7fd6       0x8d ./Core/Src/stm32f4xx_hal_msp.o
                                      0xc3c94 (size before relaxing)
 .debug_str     0x00000000000c8063       0xc9 ./Core/Src/stm32f4xx_it.o
                                      0xc356f (size before relaxing)
 .debug_str     0x00000000000c812c      0x4dc ./Core/Src/sysmem.o
                                       0x6066 (size before relaxing)
 .debug_str     0x00000000000c8608       0xdb ./Core/Src/system_stm32f4xx.o
                                      0xc369c (size before relaxing)
 .debug_str     0x00000000000c86e3       0x34 ./Core/Startup/startup_stm32f446retx.o
                                         0x78 (size before relaxing)
 .debug_str     0x00000000000c8717      0xb24 ./Drivers/STM32F4xx_HAL_Driver/Src/stm32f4xx_hal.o
                                      0xc4261 (size before relaxing)
 .debug_str     0x00000000000c923b      0x354 ./Drivers/STM32F4xx_HAL_Driver/Src/stm32f4xx_hal_cortex.o
                                      0xc3f6f (size before relaxing)
 .debug_str     0x00000000000c958f      0x121 ./Drivers/STM32F4xx_HAL_Driver/Src/stm32f4xx_hal_gpio.o
                                      0xc3817 (size before relaxing)
 .debug_str     0x00000000000c96b0      0x233 ./Drivers/STM32F4xx_HAL_Driver/Src/stm32f4xx_hal_rcc.o
                                      0xc3ad5 (size before relaxing)
 .debug_str     0x00000000000c98e3      0x324 ./Drivers/STM32F4xx_HAL_Driver/Src/stm32f4xx_hal_rcc_ex.o
                                      0xc3b08 (size before relaxing)
 .debug_str     0x00000000000c9c07      0x574 ./Drivers/STM32F4xx_HAL_Driver/Src/stm32f4xx_hal_spi.o
                                      0xc3f3b (size before relaxing)
 .debug_str     0x00000000000ca17b      0x5f3 ./Drivers/STM32F4xx_HAL_Driver/Src/stm32f4xx_hal_uart.o
                                      0xc404a (size before relaxing)
 .debug_str     0x00000000000ca76e       0x74 ./FATFS/App/fatfs.o
                                      0xc6e71 (size before relaxing)
 .debug_str     0x00000000000ca7e2       0x5a ./FATFS/Target/user_diskio.o
                                      0xc6fa4 (size before relaxing)
 .debug_str     0x00000000000ca83c       0x52 ./Middlewares/Third_Party/FatFs/src/diskio.o
                                      0xc6d6d (size before relaxing)
 .debug_str     0x00000000000ca88e     0x1098 ./Middlewares/Third_Party/FatFs/src/ff.o
                                      0xc8074 (size before relaxing)
 .debug_str     0x00000000000cb926       0x91 ./Middlewares/Third_Party/FatFs/src/ff_gen_drv.o
                                      0xc6dbe (size before relaxing)
 .debug_str     0x00000000000cb9b7       0x49 ./Middlewares/Third_Party/FatFs/src/option/ccsbcs.o
                                      0xc6b42 (size before relaxing)

.debug_frame    0x0000000000000000     0x38b8
 .debug_frame   0x0000000000000000      0x28c ./Core/Src/fatfs_sd.o
 .debug_frame   0x000000000000028c      0x13c ./Core/Src/main.o
 .debug_frame   0x00000000000003c8       0xc8 ./Core/Src/stm32f4xx_hal_msp.o
 .debug_frame   0x0000000000000490      0x10c ./Core/Src/stm32f4xx_it.o
 .debug_frame   0x000000000000059c       0x34 ./Core/Src/sysmem.o
 .debug_frame   0x00000000000005d0       0x58 ./Core/Src/system_stm32f4xx.o
 .debug_frame   0x0000000000000628      0x374 ./Drivers/STM32F4xx_HAL_Driver/Src/stm32f4xx_hal.o
 .debug_frame   0x000000000000099c      0x498 ./Drivers/STM32F4xx_HAL_Driver/Src/stm32f4xx_hal_cortex.o
 .debug_frame   0x0000000000000e34      0x14c ./Drivers/STM32F4xx_HAL_Driver/Src/stm32f4xx_hal_gpio.o
 .debug_frame   0x0000000000000f80      0x1f4 ./Drivers/STM32F4xx_HAL_Driver/Src/stm32f4xx_hal_rcc.o
 .debug_frame   0x0000000000001174      0x1e8 ./Drivers/STM32F4xx_HAL_Driver/Src/stm32f4xx_hal_rcc_ex.o
 .debug_frame   0x000000000000135c      0x824 ./Drivers/STM32F4xx_HAL_Driver/Src/stm32f4xx_hal_spi.o
 .debug_frame   0x0000000000001b80      0x92c ./Drivers/STM32F4xx_HAL_Driver/Src/stm32f4xx_hal_uart.o
 .debug_frame   0x00000000000024ac       0x4c ./FATFS/App/fatfs.o
 .debug_frame   0x00000000000024f8       0xc4 ./FATFS/Target/user_diskio.o
 .debug_frame   0x00000000000025bc       0xec ./Middlewares/Third_Party/FatFs/src/diskio.o
 .debug_frame   0x00000000000026a8      0xa0c ./Middlewares/Third_Party/FatFs/src/ff.o
 .debug_frame   0x00000000000030b4       0xc8 ./Middlewares/Third_Party/FatFs/src/ff_gen_drv.o
 .debug_frame   0x000000000000317c       0x60 ./Middlewares/Third_Party/FatFs/src/option/ccsbcs.o
 .debug_frame   0x00000000000031dc      0x13c C:/ST/STM32CubeIDE_1.10.1/STM32CubeIDE/plugins/com.st.stm32cube.ide.mcu.externaltools.gnu-tools-for-stm32.11.3.rel1.win32_1.1.0.202305231506/tools/bin/../lib/gcc/arm-none-eabi/11.3.1/../../../../arm-none-eabi/lib/thumb/v7e-m+fp/hard\libc_nano.a(libc_a-findfp.o)